2025-11-02 11:40:44 | INFO     | dataloader merged cli | The log system has been started, log file: /home/rogerspyke/projects/robocoin-dataset/dataloader merged cli_2025-11-02_11-40-44.log
2025-11-02 11:40:44 | INFO     | dataloader merged cli | Task server started successfully: ws://0.0.0.0:8771
2025-11-02 11:41:14 | INFO     | dataloader merged cli | Client registered successfully | ID: dataloader_detection_0 | IP: 172.16.13.94 | Current connections: 1
2025-11-02 11:41:14 | ERROR    | dataloader merged cli | Failed to process message: Traceback (most recent call last):
  File "/home/rogerspyke/projects/robocoin-dataset/.venv/lib/python3.10/site-packages/sqlalchemy/engine/base.py", line 1967, in _exec_single_context
    self.dialect.do_execute(
  File "/home/rogerspyke/projects/robocoin-dataset/.venv/lib/python3.10/site-packages/sqlalchemy/engine/default.py", line 951, in do_execute
    cursor.execute(statement, parameters)
sqlite3.OperationalError: no such column: datasets.data_merge_version_ps_ma

The above exception was the direct cause of the following exception:

Traceback (most recent call last):
  File "/home/rogerspyke/projects/robocoin-dataset/src/robocoin_dataset/distribution_computation/task_server.py", line 163, in handle_message
    await self.send_task_to_client(websocket)
  File "/home/rogerspyke/projects/robocoin-dataset/src/robocoin_dataset/distribution_computation/task_server.py", line 123, in send_task_to_client
    task_content = await asyncio.to_thread(self.generate_task_content)
  File "/usr/lib/python3.10/asyncio/threads.py", line 25, in to_thread
    return await loop.run_in_executor(None, func_call)
  File "/usr/lib/python3.10/concurrent/futures/thread.py", line 58, in run
    result = self.fn(*self.args, **self.kwargs)
  File "/home/rogerspyke/projects/robocoin-dataset/src/robocoin_dataset/dataloader/dataloader.py", line 355, in generate_task_content
    _sync_dataloader_detection_tasks(session)
  File "/home/rogerspyke/projects/robocoin-dataset/src/robocoin_dataset/dataloader/dataloader.py", line 185, in _sync_dataloader_detection_tasks
    items = query.all()
  File "/home/rogerspyke/projects/robocoin-dataset/.venv/lib/python3.10/site-packages/sqlalchemy/orm/query.py", line 2704, in all
    return self._iter().all()  # type: ignore
  File "/home/rogerspyke/projects/robocoin-dataset/.venv/lib/python3.10/site-packages/sqlalchemy/orm/query.py", line 2857, in _iter
    result: Union[ScalarResult[_T], Result[_T]] = self.session.execute(
  File "/home/rogerspyke/projects/robocoin-dataset/.venv/lib/python3.10/site-packages/sqlalchemy/orm/session.py", line 2351, in execute
    return self._execute_internal(
  File "/home/rogerspyke/projects/robocoin-dataset/.venv/lib/python3.10/site-packages/sqlalchemy/orm/session.py", line 2249, in _execute_internal
    result: Result[Any] = compile_state_cls.orm_execute_statement(
  File "/home/rogerspyke/projects/robocoin-dataset/.venv/lib/python3.10/site-packages/sqlalchemy/orm/context.py", line 306, in orm_execute_statement
    result = conn.execute(
  File "/home/rogerspyke/projects/robocoin-dataset/.venv/lib/python3.10/site-packages/sqlalchemy/engine/base.py", line 1419, in execute
    return meth(
  File "/home/rogerspyke/projects/robocoin-dataset/.venv/lib/python3.10/site-packages/sqlalchemy/sql/elements.py", line 526, in _execute_on_connection
    return connection._execute_clauseelement(
  File "/home/rogerspyke/projects/robocoin-dataset/.venv/lib/python3.10/site-packages/sqlalchemy/engine/base.py", line 1641, in _execute_clauseelement
    ret = self._execute_context(
  File "/home/rogerspyke/projects/robocoin-dataset/.venv/lib/python3.10/site-packages/sqlalchemy/engine/base.py", line 1846, in _execute_context
    return self._exec_single_context(
  File "/home/rogerspyke/projects/robocoin-dataset/.venv/lib/python3.10/site-packages/sqlalchemy/engine/base.py", line 1986, in _exec_single_context
    self._handle_dbapi_exception(
  File "/home/rogerspyke/projects/robocoin-dataset/.venv/lib/python3.10/site-packages/sqlalchemy/engine/base.py", line 2355, in _handle_dbapi_exception
    raise sqlalchemy_exception.with_traceback(exc_info[2]) from e
  File "/home/rogerspyke/projects/robocoin-dataset/.venv/lib/python3.10/site-packages/sqlalchemy/engine/base.py", line 1967, in _exec_single_context
    self.dialect.do_execute(
  File "/home/rogerspyke/projects/robocoin-dataset/.venv/lib/python3.10/site-packages/sqlalchemy/engine/default.py", line 951, in do_execute
    cursor.execute(statement, parameters)
sqlalchemy.exc.OperationalError: (sqlite3.OperationalError) no such column: datasets.data_merge_version_ps_ma
[SQL: SELECT datasets.id AS datasets_id, datasets.dataset_name AS datasets_dataset_name, datasets.dataset_uuid AS datasets_dataset_uuid, datasets.device_model AS datasets_device_model, datasets.device_model_version AS datasets_device_model_version, datasets.end_effector_type AS datasets_end_effector_type, datasets.operation_platform_height AS datasets_operation_platform_height, datasets.yaml_file_path AS datasets_yaml_file_path, datasets.data_path AS datasets_data_path, datasets.convert_path AS datasets_convert_path, datasets.convert_test_status AS datasets_convert_test_status, datasets.convert_test_version AS datasets_convert_test_version, datasets.convert_status AS datasets_convert_status, datasets.convert_version_ps AS datasets_convert_version_ps, datasets.convert_version AS datasets_convert_version, datasets.total_episodes AS datasets_total_episodes, datasets.converted_episodes AS datasets_converted_episodes, datasets.skipped_episodes AS datasets_skipped_episodes, datasets.convert_err_msg AS datasets_convert_err_msg, datasets.sa_dpp_status AS datasets_sa_dpp_status, datasets.sa_dpp_version_ps AS datasets_sa_dpp_version_ps, datasets.sa_dpp_version AS datasets_sa_dpp_version, datasets.sa_dpp_err_msg AS datasets_sa_dpp_err_msg, datasets.sim_replay_status AS datasets_sim_replay_status, datasets.sim_replay_version_ps AS datasets_sim_replay_version_ps, datasets.sim_replay_version AS datasets_sim_replay_version, datasets.sim_replay_error_msg AS datasets_sim_replay_error_msg, datasets.motion_annotation_status AS datasets_motion_annotation_status, datasets.motion_annotation_version_ps AS datasets_motion_annotation_version_ps, datasets.motion_annotation_version AS datasets_motion_annotation_version, datasets.motion_annotation_err_msg AS datasets_motion_annotation_err_msg, datasets.video_hash_status AS datasets_video_hash_status, datasets.video_hash_version_ps AS datasets_video_hash_version_ps, datasets.video_hash_version AS datasets_video_hash_version, datasets.video_hash_err_msg AS datasets_video_hash_err_msg, datasets.video_match_status AS datasets_video_match_status, datasets.video_match_version_ps AS datasets_video_match_version_ps, datasets.video_match_version AS datasets_video_match_version, datasets.video_match_err_msg AS datasets_video_match_err_msg, datasets.video_ori_subtask_annotation_status AS datasets_video_ori_subtask_annotation_status, datasets.video_ori_subtask_annotation_version_ps AS datasets_video_ori_subtask_annotation_version_ps, datasets.video_ori_subtask_annotation_version AS datasets_video_ori_subtask_annotation_version, datasets.video_ori_subtask_annotation_err_msg AS datasets_video_ori_subtask_annotation_err_msg, datasets.video_opt_subtask_annotation_status AS datasets_video_opt_subtask_annotation_status, datasets.video_opt_subtask_annotation_version_ps AS datasets_video_opt_subtask_annotation_version_ps, datasets.video_opt_subtask_annotation_version AS datasets_video_opt_subtask_annotation_version, datasets.video_opt_subtask_annotation_err_msg AS datasets_video_opt_subtask_annotation_err_msg, datasets.video_embed_subtask_annotation_status AS datasets_video_embed_subtask_annotation_status, datasets.video_embed_subtask_annotation_version_ps AS datasets_video_embed_subtask_annotation_version_ps, datasets.video_embed_subtask_annotation_version AS datasets_video_embed_subtask_annotation_version, datasets.video_embed_subtask_annotation_err_msg AS datasets_video_embed_subtask_annotation_err_msg, datasets.scene_annotation_status AS datasets_scene_annotation_status, datasets.scene_annotation_version_ps AS datasets_scene_annotation_version_ps, datasets.scene_annotation_version AS datasets_scene_annotation_version, datasets.scene_annotation_err_msg AS datasets_scene_annotation_err_msg, datasets.data_merge_status AS datasets_data_merge_status, datasets.data_merge_version_ps_sta AS datasets_data_merge_version_ps_sta, datasets.data_merge_version_ps_sa AS datasets_data_merge_version_ps_sa, datasets.data_merge_version_ps_ma AS datasets_data_merge_version_ps_ma, datasets.data_merge_version AS datasets_data_merge_version, datasets.data_merge_err_msg AS datasets_data_merge_err_msg, datasets.data_loader_detection_status AS datasets_data_loader_detection_status, datasets.data_loader_detection_version_ps AS datasets_data_loader_detection_version_ps, datasets.data_loader_detection_version AS datasets_data_loader_detection_version, datasets.data_loader_detection_err_msg AS datasets_data_loader_detection_err_msg, datasets.ms_upload_status AS datasets_ms_upload_status, datasets.ms_upload_version_ps AS datasets_ms_upload_version_ps, datasets.ms_upload_version AS datasets_ms_upload_version, datasets.ms_upload_err_msg AS datasets_ms_upload_err_msg, datasets.huggingface_upload_status AS datasets_huggingface_upload_status, datasets.huggingface_upload_version_ps AS datasets_huggingface_upload_version_ps, datasets.huggingface_upload_version AS datasets_huggingface_upload_version, datasets.huggingface_upload_err_msg AS datasets_huggingface_upload_err_msg, datasets.dataset_info_sync_status AS datasets_dataset_info_sync_status, datasets.dataset_info_sync_version_ps AS datasets_dataset_info_sync_version_ps, datasets.dataset_info_sync_version AS datasets_dataset_info_sync_version, datasets.dataset_info_sync_err_msg AS datasets_dataset_info_sync_err_msg
FROM datasets
WHERE datasets.convert_status = ? AND (datasets.data_loader_detection_status = ? OR datasets.data_loader_detection_status = ? AND datasets.data_loader_detection_version_ps < datasets.convert_version)]
[parameters: ('COMPLETED', 'PENDING', 'COMPLETED')]
(Background on this error at: https://sqlalche.me/e/20/e3q8)

2025-11-02 11:41:29 | INFO     | dataloader merged cli | Client disconnected | ID: dataloader_detection_0
2025-11-02 11:43:55 | INFO     | dataloader merged cli | Client registered successfully | ID: dataloader_detection_1 | IP: 172.16.13.94 | Current connections: 1
2025-11-02 11:43:55 | INFO     | dataloader merged cli | Assigned task task_id to client dataloader_detection_1
2025-11-02 11:44:04 | INFO     | dataloader merged cli | Client disconnected | ID: dataloader_detection_1
