2025-10-31 19:54:54 | INFO     | task_server_scene_annotation | The log system has been started, log file: /home/lxc/work/robocoin-dataset/log/task_server_scene_annotation_2025-10-31_19-54-54.log
2025-10-31 19:54:54 | INFO     | task_server_scene_annotation | Task server started successfully: ws://0.0.0.0:8765
2025-10-31 19:55:59 | INFO     | task_server_scene_annotation | Client registered successfully | ID: scene_annotation_0 | IP: 172.16.13.93 | Current connections: 1
2025-10-31 19:55:59 | INFO     | task_server_scene_annotation | Assigned task task_id to client scene_annotation_0
2025-10-31 19:56:00 | INFO     | task_server_scene_annotation | Received task result | Client ID: scene_annotation_0 | Task ID: scene_annotation_0
2025-10-31 19:56:00 | INFO     | task_server_scene_annotation | ✅ Successfully handled task result for scene_annotation_0
2025-10-31 19:56:00 | INFO     | task_server_scene_annotation | Assigned task task_id to client scene_annotation_0
2025-10-31 19:56:01 | INFO     | task_server_scene_annotation | Received task result | Client ID: scene_annotation_0 | Task ID: scene_annotation_1
2025-10-31 19:56:01 | INFO     | task_server_scene_annotation | ✅ Successfully handled task result for scene_annotation_1
2025-10-31 19:56:01 | INFO     | task_server_scene_annotation | Assigned task task_id to client scene_annotation_0
2025-10-31 19:56:02 | INFO     | task_server_scene_annotation | Received task result | Client ID: scene_annotation_0 | Task ID: scene_annotation_2
2025-10-31 19:56:02 | INFO     | task_server_scene_annotation | ✅ Successfully handled task result for scene_annotation_2
2025-10-31 19:56:02 | INFO     | task_server_scene_annotation | Assigned task task_id to client scene_annotation_0
2025-10-31 19:56:04 | INFO     | task_server_scene_annotation | Received task result | Client ID: scene_annotation_0 | Task ID: scene_annotation_3
2025-10-31 19:56:04 | INFO     | task_server_scene_annotation | ✅ Successfully handled task result for scene_annotation_3
2025-10-31 19:56:04 | INFO     | task_server_scene_annotation | Assigned task task_id to client scene_annotation_0
2025-10-31 19:56:05 | INFO     | task_server_scene_annotation | Received task result | Client ID: scene_annotation_0 | Task ID: scene_annotation_4
2025-10-31 19:56:05 | INFO     | task_server_scene_annotation | ✅ Successfully handled task result for scene_annotation_4
2025-10-31 19:56:05 | INFO     | task_server_scene_annotation | Assigned task task_id to client scene_annotation_0
2025-10-31 19:56:05 | INFO     | task_server_scene_annotation | Client disconnected | ID: scene_annotation_0
