2025-10-31 19:30:30 | INFO     | task_server_scene_annotation | The log system has been started, log file: /home/diy02/new_pipeline/robocoin-dataset/log/task_server_scene_annotation_2025-10-31_19-30-30.log
2025-10-31 19:30:38 | INFO     | task_server_scene_annotation | Task server started successfully: ws://0.0.0.0:8769
2025-10-31 19:30:38 | INFO     | task_server_scene_annotation | Client registered successfully | ID: scene_annotation_0 | IP: 172.16.19.253 | Current connections: 1
2025-10-31 19:30:38 | INFO     | task_server_scene_annotation | Assigned task task_id to client scene_annotation_0
2025-10-31 19:30:39 | INFO     | task_server_scene_annotation | Received task result | Client ID: None | Task ID: None
2025-10-31 19:30:40 | ERROR    | task_server_scene_annotation | ❌ Error handling task result for None: Dataset None not found
Traceback (most recent call last):
  File "/home/diy02/new_pipeline/robocoin-dataset/src/robocoin_dataset/distribution_computation/task_server.py", line 176, in handle_message
    await asyncio.to_thread(
  File "/home/diy02/miniconda3/envs/robocoin/lib/python3.10/asyncio/threads.py", line 25, in to_thread
    return await loop.run_in_executor(None, func_call)
  File "/home/diy02/miniconda3/envs/robocoin/lib/python3.10/concurrent/futures/thread.py", line 58, in run
    result = self.fn(*self.args, **self.kwargs)
  File "/home/diy02/new_pipeline/robocoin-dataset/./src/robocoin_dataset/annotation/scene_annotation/scene_annotation.py", line 442, in handle_task_result
    raise ValueError(f"Dataset {ds_uuid} not found")
ValueError: Dataset None not found
2025-10-31 19:30:43 | INFO     | task_server_scene_annotation | Assigned task task_id to client scene_annotation_0
2025-10-31 19:30:44 | INFO     | task_server_scene_annotation | Received task result | Client ID: None | Task ID: None
2025-10-31 19:30:45 | ERROR    | task_server_scene_annotation | ❌ Error handling task result for None: Dataset None not found
Traceback (most recent call last):
  File "/home/diy02/new_pipeline/robocoin-dataset/src/robocoin_dataset/distribution_computation/task_server.py", line 176, in handle_message
    await asyncio.to_thread(
  File "/home/diy02/miniconda3/envs/robocoin/lib/python3.10/asyncio/threads.py", line 25, in to_thread
    return await loop.run_in_executor(None, func_call)
  File "/home/diy02/miniconda3/envs/robocoin/lib/python3.10/concurrent/futures/thread.py", line 58, in run
    result = self.fn(*self.args, **self.kwargs)
  File "/home/diy02/new_pipeline/robocoin-dataset/./src/robocoin_dataset/annotation/scene_annotation/scene_annotation.py", line 442, in handle_task_result
    raise ValueError(f"Dataset {ds_uuid} not found")
ValueError: Dataset None not found
2025-10-31 19:30:48 | INFO     | task_server_scene_annotation | Assigned task task_id to client scene_annotation_0
2025-10-31 19:30:49 | INFO     | task_server_scene_annotation | Received task result | Client ID: None | Task ID: None
2025-10-31 19:30:50 | ERROR    | task_server_scene_annotation | ❌ Error handling task result for None: Dataset None not found
Traceback (most recent call last):
  File "/home/diy02/new_pipeline/robocoin-dataset/src/robocoin_dataset/distribution_computation/task_server.py", line 176, in handle_message
    await asyncio.to_thread(
  File "/home/diy02/miniconda3/envs/robocoin/lib/python3.10/asyncio/threads.py", line 25, in to_thread
    return await loop.run_in_executor(None, func_call)
  File "/home/diy02/miniconda3/envs/robocoin/lib/python3.10/concurrent/futures/thread.py", line 58, in run
    result = self.fn(*self.args, **self.kwargs)
  File "/home/diy02/new_pipeline/robocoin-dataset/./src/robocoin_dataset/annotation/scene_annotation/scene_annotation.py", line 442, in handle_task_result
    raise ValueError(f"Dataset {ds_uuid} not found")
ValueError: Dataset None not found
2025-10-31 19:30:53 | INFO     | task_server_scene_annotation | Assigned task task_id to client scene_annotation_0
2025-10-31 19:30:54 | INFO     | task_server_scene_annotation | Received task result | Client ID: None | Task ID: None
2025-10-31 19:30:55 | ERROR    | task_server_scene_annotation | ❌ Error handling task result for None: Dataset None not found
Traceback (most recent call last):
  File "/home/diy02/new_pipeline/robocoin-dataset/src/robocoin_dataset/distribution_computation/task_server.py", line 176, in handle_message
    await asyncio.to_thread(
  File "/home/diy02/miniconda3/envs/robocoin/lib/python3.10/asyncio/threads.py", line 25, in to_thread
    return await loop.run_in_executor(None, func_call)
  File "/home/diy02/miniconda3/envs/robocoin/lib/python3.10/concurrent/futures/thread.py", line 58, in run
    result = self.fn(*self.args, **self.kwargs)
  File "/home/diy02/new_pipeline/robocoin-dataset/./src/robocoin_dataset/annotation/scene_annotation/scene_annotation.py", line 442, in handle_task_result
    raise ValueError(f"Dataset {ds_uuid} not found")
ValueError: Dataset None not found
2025-10-31 19:30:59 | INFO     | task_server_scene_annotation | Assigned task task_id to client scene_annotation_0
2025-10-31 19:31:00 | INFO     | task_server_scene_annotation | Received task result | Client ID: None | Task ID: None
2025-10-31 19:31:00 | ERROR    | task_server_scene_annotation | ❌ Error handling task result for None: Dataset None not found
Traceback (most recent call last):
  File "/home/diy02/new_pipeline/robocoin-dataset/src/robocoin_dataset/distribution_computation/task_server.py", line 176, in handle_message
    await asyncio.to_thread(
  File "/home/diy02/miniconda3/envs/robocoin/lib/python3.10/asyncio/threads.py", line 25, in to_thread
    return await loop.run_in_executor(None, func_call)
  File "/home/diy02/miniconda3/envs/robocoin/lib/python3.10/concurrent/futures/thread.py", line 58, in run
    result = self.fn(*self.args, **self.kwargs)
  File "/home/diy02/new_pipeline/robocoin-dataset/./src/robocoin_dataset/annotation/scene_annotation/scene_annotation.py", line 442, in handle_task_result
    raise ValueError(f"Dataset {ds_uuid} not found")
ValueError: Dataset None not found
2025-10-31 19:31:03 | INFO     | task_server_scene_annotation | Assigned task task_id to client scene_annotation_0
2025-10-31 19:31:04 | INFO     | task_server_scene_annotation | Received task result | Client ID: None | Task ID: None
2025-10-31 19:31:05 | ERROR    | task_server_scene_annotation | ❌ Error handling task result for None: Dataset None not found
Traceback (most recent call last):
  File "/home/diy02/new_pipeline/robocoin-dataset/src/robocoin_dataset/distribution_computation/task_server.py", line 176, in handle_message
    await asyncio.to_thread(
  File "/home/diy02/miniconda3/envs/robocoin/lib/python3.10/asyncio/threads.py", line 25, in to_thread
    return await loop.run_in_executor(None, func_call)
  File "/home/diy02/miniconda3/envs/robocoin/lib/python3.10/concurrent/futures/thread.py", line 58, in run
    result = self.fn(*self.args, **self.kwargs)
  File "/home/diy02/new_pipeline/robocoin-dataset/./src/robocoin_dataset/annotation/scene_annotation/scene_annotation.py", line 442, in handle_task_result
    raise ValueError(f"Dataset {ds_uuid} not found")
ValueError: Dataset None not found
2025-10-31 19:31:08 | INFO     | task_server_scene_annotation | Assigned task task_id to client scene_annotation_0
2025-10-31 19:31:09 | INFO     | task_server_scene_annotation | Received task result | Client ID: None | Task ID: None
2025-10-31 19:31:10 | ERROR    | task_server_scene_annotation | ❌ Error handling task result for None: Dataset None not found
Traceback (most recent call last):
  File "/home/diy02/new_pipeline/robocoin-dataset/src/robocoin_dataset/distribution_computation/task_server.py", line 176, in handle_message
    await asyncio.to_thread(
  File "/home/diy02/miniconda3/envs/robocoin/lib/python3.10/asyncio/threads.py", line 25, in to_thread
    return await loop.run_in_executor(None, func_call)
  File "/home/diy02/miniconda3/envs/robocoin/lib/python3.10/concurrent/futures/thread.py", line 58, in run
    result = self.fn(*self.args, **self.kwargs)
  File "/home/diy02/new_pipeline/robocoin-dataset/./src/robocoin_dataset/annotation/scene_annotation/scene_annotation.py", line 442, in handle_task_result
    raise ValueError(f"Dataset {ds_uuid} not found")
ValueError: Dataset None not found
2025-10-31 19:31:13 | INFO     | task_server_scene_annotation | Assigned task task_id to client scene_annotation_0
2025-10-31 19:31:14 | INFO     | task_server_scene_annotation | Received task result | Client ID: None | Task ID: None
2025-10-31 19:31:15 | ERROR    | task_server_scene_annotation | ❌ Error handling task result for None: Dataset None not found
Traceback (most recent call last):
  File "/home/diy02/new_pipeline/robocoin-dataset/src/robocoin_dataset/distribution_computation/task_server.py", line 176, in handle_message
    await asyncio.to_thread(
  File "/home/diy02/miniconda3/envs/robocoin/lib/python3.10/asyncio/threads.py", line 25, in to_thread
    return await loop.run_in_executor(None, func_call)
  File "/home/diy02/miniconda3/envs/robocoin/lib/python3.10/concurrent/futures/thread.py", line 58, in run
    result = self.fn(*self.args, **self.kwargs)
  File "/home/diy02/new_pipeline/robocoin-dataset/./src/robocoin_dataset/annotation/scene_annotation/scene_annotation.py", line 442, in handle_task_result
    raise ValueError(f"Dataset {ds_uuid} not found")
ValueError: Dataset None not found
2025-10-31 19:31:18 | INFO     | task_server_scene_annotation | Assigned task task_id to client scene_annotation_0
2025-10-31 19:31:19 | INFO     | task_server_scene_annotation | Received task result | Client ID: None | Task ID: None
2025-10-31 19:31:20 | ERROR    | task_server_scene_annotation | ❌ Error handling task result for None: Dataset None not found
Traceback (most recent call last):
  File "/home/diy02/new_pipeline/robocoin-dataset/src/robocoin_dataset/distribution_computation/task_server.py", line 176, in handle_message
    await asyncio.to_thread(
  File "/home/diy02/miniconda3/envs/robocoin/lib/python3.10/asyncio/threads.py", line 25, in to_thread
    return await loop.run_in_executor(None, func_call)
  File "/home/diy02/miniconda3/envs/robocoin/lib/python3.10/concurrent/futures/thread.py", line 58, in run
    result = self.fn(*self.args, **self.kwargs)
  File "/home/diy02/new_pipeline/robocoin-dataset/./src/robocoin_dataset/annotation/scene_annotation/scene_annotation.py", line 442, in handle_task_result
    raise ValueError(f"Dataset {ds_uuid} not found")
ValueError: Dataset None not found
2025-10-31 19:31:24 | INFO     | task_server_scene_annotation | Assigned task task_id to client scene_annotation_0
2025-10-31 19:31:25 | INFO     | task_server_scene_annotation | Received task result | Client ID: None | Task ID: None
2025-10-31 19:31:25 | ERROR    | task_server_scene_annotation | ❌ Error handling task result for None: Dataset None not found
Traceback (most recent call last):
  File "/home/diy02/new_pipeline/robocoin-dataset/src/robocoin_dataset/distribution_computation/task_server.py", line 176, in handle_message
    await asyncio.to_thread(
  File "/home/diy02/miniconda3/envs/robocoin/lib/python3.10/asyncio/threads.py", line 25, in to_thread
    return await loop.run_in_executor(None, func_call)
  File "/home/diy02/miniconda3/envs/robocoin/lib/python3.10/concurrent/futures/thread.py", line 58, in run
    result = self.fn(*self.args, **self.kwargs)
  File "/home/diy02/new_pipeline/robocoin-dataset/./src/robocoin_dataset/annotation/scene_annotation/scene_annotation.py", line 442, in handle_task_result
    raise ValueError(f"Dataset {ds_uuid} not found")
ValueError: Dataset None not found
2025-10-31 19:31:29 | INFO     | task_server_scene_annotation | Assigned task task_id to client scene_annotation_0
2025-10-31 19:31:30 | INFO     | task_server_scene_annotation | Received task result | Client ID: None | Task ID: None
2025-10-31 19:31:30 | ERROR    | task_server_scene_annotation | ❌ Error handling task result for None: Dataset None not found
Traceback (most recent call last):
  File "/home/diy02/new_pipeline/robocoin-dataset/src/robocoin_dataset/distribution_computation/task_server.py", line 176, in handle_message
    await asyncio.to_thread(
  File "/home/diy02/miniconda3/envs/robocoin/lib/python3.10/asyncio/threads.py", line 25, in to_thread
    return await loop.run_in_executor(None, func_call)
  File "/home/diy02/miniconda3/envs/robocoin/lib/python3.10/concurrent/futures/thread.py", line 58, in run
    result = self.fn(*self.args, **self.kwargs)
  File "/home/diy02/new_pipeline/robocoin-dataset/./src/robocoin_dataset/annotation/scene_annotation/scene_annotation.py", line 442, in handle_task_result
    raise ValueError(f"Dataset {ds_uuid} not found")
ValueError: Dataset None not found
2025-10-31 19:31:34 | INFO     | task_server_scene_annotation | Assigned task task_id to client scene_annotation_0
2025-10-31 19:31:35 | INFO     | task_server_scene_annotation | Received task result | Client ID: None | Task ID: None
2025-10-31 19:31:35 | ERROR    | task_server_scene_annotation | ❌ Error handling task result for None: Dataset None not found
Traceback (most recent call last):
  File "/home/diy02/new_pipeline/robocoin-dataset/src/robocoin_dataset/distribution_computation/task_server.py", line 176, in handle_message
    await asyncio.to_thread(
  File "/home/diy02/miniconda3/envs/robocoin/lib/python3.10/asyncio/threads.py", line 25, in to_thread
    return await loop.run_in_executor(None, func_call)
  File "/home/diy02/miniconda3/envs/robocoin/lib/python3.10/concurrent/futures/thread.py", line 58, in run
    result = self.fn(*self.args, **self.kwargs)
  File "/home/diy02/new_pipeline/robocoin-dataset/./src/robocoin_dataset/annotation/scene_annotation/scene_annotation.py", line 442, in handle_task_result
    raise ValueError(f"Dataset {ds_uuid} not found")
ValueError: Dataset None not found
2025-10-31 19:31:38 | INFO     | task_server_scene_annotation | Assigned task task_id to client scene_annotation_0
2025-10-31 19:31:39 | INFO     | task_server_scene_annotation | Received task result | Client ID: None | Task ID: None
2025-10-31 19:31:39 | ERROR    | task_server_scene_annotation | ❌ Error handling task result for None: Dataset None not found
Traceback (most recent call last):
  File "/home/diy02/new_pipeline/robocoin-dataset/src/robocoin_dataset/distribution_computation/task_server.py", line 176, in handle_message
    await asyncio.to_thread(
  File "/home/diy02/miniconda3/envs/robocoin/lib/python3.10/asyncio/threads.py", line 25, in to_thread
    return await loop.run_in_executor(None, func_call)
  File "/home/diy02/miniconda3/envs/robocoin/lib/python3.10/concurrent/futures/thread.py", line 58, in run
    result = self.fn(*self.args, **self.kwargs)
  File "/home/diy02/new_pipeline/robocoin-dataset/./src/robocoin_dataset/annotation/scene_annotation/scene_annotation.py", line 442, in handle_task_result
    raise ValueError(f"Dataset {ds_uuid} not found")
ValueError: Dataset None not found
2025-10-31 19:31:44 | INFO     | task_server_scene_annotation | Assigned task task_id to client scene_annotation_0
2025-10-31 19:31:45 | INFO     | task_server_scene_annotation | Received task result | Client ID: None | Task ID: None
2025-10-31 19:31:45 | ERROR    | task_server_scene_annotation | ❌ Error handling task result for None: Dataset None not found
Traceback (most recent call last):
  File "/home/diy02/new_pipeline/robocoin-dataset/src/robocoin_dataset/distribution_computation/task_server.py", line 176, in handle_message
    await asyncio.to_thread(
  File "/home/diy02/miniconda3/envs/robocoin/lib/python3.10/asyncio/threads.py", line 25, in to_thread
    return await loop.run_in_executor(None, func_call)
  File "/home/diy02/miniconda3/envs/robocoin/lib/python3.10/concurrent/futures/thread.py", line 58, in run
    result = self.fn(*self.args, **self.kwargs)
  File "/home/diy02/new_pipeline/robocoin-dataset/./src/robocoin_dataset/annotation/scene_annotation/scene_annotation.py", line 442, in handle_task_result
    raise ValueError(f"Dataset {ds_uuid} not found")
ValueError: Dataset None not found
2025-10-31 19:31:49 | INFO     | task_server_scene_annotation | Assigned task task_id to client scene_annotation_0
2025-10-31 19:31:50 | INFO     | task_server_scene_annotation | Received task result | Client ID: None | Task ID: None
2025-10-31 19:31:50 | ERROR    | task_server_scene_annotation | ❌ Error handling task result for None: Dataset None not found
Traceback (most recent call last):
  File "/home/diy02/new_pipeline/robocoin-dataset/src/robocoin_dataset/distribution_computation/task_server.py", line 176, in handle_message
    await asyncio.to_thread(
  File "/home/diy02/miniconda3/envs/robocoin/lib/python3.10/asyncio/threads.py", line 25, in to_thread
    return await loop.run_in_executor(None, func_call)
  File "/home/diy02/miniconda3/envs/robocoin/lib/python3.10/concurrent/futures/thread.py", line 58, in run
    result = self.fn(*self.args, **self.kwargs)
  File "/home/diy02/new_pipeline/robocoin-dataset/./src/robocoin_dataset/annotation/scene_annotation/scene_annotation.py", line 442, in handle_task_result
    raise ValueError(f"Dataset {ds_uuid} not found")
ValueError: Dataset None not found
2025-10-31 19:31:53 | INFO     | task_server_scene_annotation | Assigned task task_id to client scene_annotation_0
2025-10-31 19:31:54 | INFO     | task_server_scene_annotation | Received task result | Client ID: None | Task ID: None
2025-10-31 19:31:54 | ERROR    | task_server_scene_annotation | ❌ Error handling task result for None: Dataset None not found
Traceback (most recent call last):
  File "/home/diy02/new_pipeline/robocoin-dataset/src/robocoin_dataset/distribution_computation/task_server.py", line 176, in handle_message
    await asyncio.to_thread(
  File "/home/diy02/miniconda3/envs/robocoin/lib/python3.10/asyncio/threads.py", line 25, in to_thread
    return await loop.run_in_executor(None, func_call)
  File "/home/diy02/miniconda3/envs/robocoin/lib/python3.10/concurrent/futures/thread.py", line 58, in run
    result = self.fn(*self.args, **self.kwargs)
  File "/home/diy02/new_pipeline/robocoin-dataset/./src/robocoin_dataset/annotation/scene_annotation/scene_annotation.py", line 442, in handle_task_result
    raise ValueError(f"Dataset {ds_uuid} not found")
ValueError: Dataset None not found
2025-10-31 19:31:59 | INFO     | task_server_scene_annotation | Assigned task task_id to client scene_annotation_0
2025-10-31 19:32:00 | INFO     | task_server_scene_annotation | Received task result | Client ID: None | Task ID: None
2025-10-31 19:32:00 | ERROR    | task_server_scene_annotation | ❌ Error handling task result for None: Dataset None not found
Traceback (most recent call last):
  File "/home/diy02/new_pipeline/robocoin-dataset/src/robocoin_dataset/distribution_computation/task_server.py", line 176, in handle_message
    await asyncio.to_thread(
  File "/home/diy02/miniconda3/envs/robocoin/lib/python3.10/asyncio/threads.py", line 25, in to_thread
    return await loop.run_in_executor(None, func_call)
  File "/home/diy02/miniconda3/envs/robocoin/lib/python3.10/concurrent/futures/thread.py", line 58, in run
    result = self.fn(*self.args, **self.kwargs)
  File "/home/diy02/new_pipeline/robocoin-dataset/./src/robocoin_dataset/annotation/scene_annotation/scene_annotation.py", line 442, in handle_task_result
    raise ValueError(f"Dataset {ds_uuid} not found")
ValueError: Dataset None not found
2025-10-31 19:32:03 | INFO     | task_server_scene_annotation | Assigned task task_id to client scene_annotation_0
2025-10-31 19:32:04 | INFO     | task_server_scene_annotation | Received task result | Client ID: None | Task ID: None
2025-10-31 19:32:05 | ERROR    | task_server_scene_annotation | ❌ Error handling task result for None: Dataset None not found
Traceback (most recent call last):
  File "/home/diy02/new_pipeline/robocoin-dataset/src/robocoin_dataset/distribution_computation/task_server.py", line 176, in handle_message
    await asyncio.to_thread(
  File "/home/diy02/miniconda3/envs/robocoin/lib/python3.10/asyncio/threads.py", line 25, in to_thread
    return await loop.run_in_executor(None, func_call)
  File "/home/diy02/miniconda3/envs/robocoin/lib/python3.10/concurrent/futures/thread.py", line 58, in run
    result = self.fn(*self.args, **self.kwargs)
  File "/home/diy02/new_pipeline/robocoin-dataset/./src/robocoin_dataset/annotation/scene_annotation/scene_annotation.py", line 442, in handle_task_result
    raise ValueError(f"Dataset {ds_uuid} not found")
ValueError: Dataset None not found
2025-10-31 19:32:08 | INFO     | task_server_scene_annotation | Assigned task task_id to client scene_annotation_0
2025-10-31 19:32:09 | INFO     | task_server_scene_annotation | Received task result | Client ID: None | Task ID: None
2025-10-31 19:32:10 | ERROR    | task_server_scene_annotation | ❌ Error handling task result for None: Dataset None not found
Traceback (most recent call last):
  File "/home/diy02/new_pipeline/robocoin-dataset/src/robocoin_dataset/distribution_computation/task_server.py", line 176, in handle_message
    await asyncio.to_thread(
  File "/home/diy02/miniconda3/envs/robocoin/lib/python3.10/asyncio/threads.py", line 25, in to_thread
    return await loop.run_in_executor(None, func_call)
  File "/home/diy02/miniconda3/envs/robocoin/lib/python3.10/concurrent/futures/thread.py", line 58, in run
    result = self.fn(*self.args, **self.kwargs)
  File "/home/diy02/new_pipeline/robocoin-dataset/./src/robocoin_dataset/annotation/scene_annotation/scene_annotation.py", line 442, in handle_task_result
    raise ValueError(f"Dataset {ds_uuid} not found")
ValueError: Dataset None not found
2025-10-31 19:32:13 | INFO     | task_server_scene_annotation | Assigned task task_id to client scene_annotation_0
2025-10-31 19:32:14 | INFO     | task_server_scene_annotation | Received task result | Client ID: None | Task ID: None
2025-10-31 19:32:15 | ERROR    | task_server_scene_annotation | ❌ Error handling task result for None: Dataset None not found
Traceback (most recent call last):
  File "/home/diy02/new_pipeline/robocoin-dataset/src/robocoin_dataset/distribution_computation/task_server.py", line 176, in handle_message
    await asyncio.to_thread(
  File "/home/diy02/miniconda3/envs/robocoin/lib/python3.10/asyncio/threads.py", line 25, in to_thread
    return await loop.run_in_executor(None, func_call)
  File "/home/diy02/miniconda3/envs/robocoin/lib/python3.10/concurrent/futures/thread.py", line 58, in run
    result = self.fn(*self.args, **self.kwargs)
  File "/home/diy02/new_pipeline/robocoin-dataset/./src/robocoin_dataset/annotation/scene_annotation/scene_annotation.py", line 442, in handle_task_result
    raise ValueError(f"Dataset {ds_uuid} not found")
ValueError: Dataset None not found
2025-10-31 19:32:19 | INFO     | task_server_scene_annotation | Assigned task task_id to client scene_annotation_0
2025-10-31 19:32:20 | INFO     | task_server_scene_annotation | Received task result | Client ID: None | Task ID: None
2025-10-31 19:32:20 | ERROR    | task_server_scene_annotation | ❌ Error handling task result for None: Dataset None not found
Traceback (most recent call last):
  File "/home/diy02/new_pipeline/robocoin-dataset/src/robocoin_dataset/distribution_computation/task_server.py", line 176, in handle_message
    await asyncio.to_thread(
  File "/home/diy02/miniconda3/envs/robocoin/lib/python3.10/asyncio/threads.py", line 25, in to_thread
    return await loop.run_in_executor(None, func_call)
  File "/home/diy02/miniconda3/envs/robocoin/lib/python3.10/concurrent/futures/thread.py", line 58, in run
    result = self.fn(*self.args, **self.kwargs)
  File "/home/diy02/new_pipeline/robocoin-dataset/./src/robocoin_dataset/annotation/scene_annotation/scene_annotation.py", line 442, in handle_task_result
    raise ValueError(f"Dataset {ds_uuid} not found")
ValueError: Dataset None not found
2025-10-31 19:32:23 | INFO     | task_server_scene_annotation | Assigned task task_id to client scene_annotation_0
2025-10-31 19:32:24 | INFO     | task_server_scene_annotation | Received task result | Client ID: None | Task ID: None
2025-10-31 19:32:24 | ERROR    | task_server_scene_annotation | ❌ Error handling task result for None: Dataset None not found
Traceback (most recent call last):
  File "/home/diy02/new_pipeline/robocoin-dataset/src/robocoin_dataset/distribution_computation/task_server.py", line 176, in handle_message
    await asyncio.to_thread(
  File "/home/diy02/miniconda3/envs/robocoin/lib/python3.10/asyncio/threads.py", line 25, in to_thread
    return await loop.run_in_executor(None, func_call)
  File "/home/diy02/miniconda3/envs/robocoin/lib/python3.10/concurrent/futures/thread.py", line 58, in run
    result = self.fn(*self.args, **self.kwargs)
  File "/home/diy02/new_pipeline/robocoin-dataset/./src/robocoin_dataset/annotation/scene_annotation/scene_annotation.py", line 442, in handle_task_result
    raise ValueError(f"Dataset {ds_uuid} not found")
ValueError: Dataset None not found
2025-10-31 19:32:29 | INFO     | task_server_scene_annotation | Assigned task task_id to client scene_annotation_0
2025-10-31 19:32:30 | INFO     | task_server_scene_annotation | Received task result | Client ID: None | Task ID: None
2025-10-31 19:32:30 | ERROR    | task_server_scene_annotation | ❌ Error handling task result for None: Dataset None not found
Traceback (most recent call last):
  File "/home/diy02/new_pipeline/robocoin-dataset/src/robocoin_dataset/distribution_computation/task_server.py", line 176, in handle_message
    await asyncio.to_thread(
  File "/home/diy02/miniconda3/envs/robocoin/lib/python3.10/asyncio/threads.py", line 25, in to_thread
    return await loop.run_in_executor(None, func_call)
  File "/home/diy02/miniconda3/envs/robocoin/lib/python3.10/concurrent/futures/thread.py", line 58, in run
    result = self.fn(*self.args, **self.kwargs)
  File "/home/diy02/new_pipeline/robocoin-dataset/./src/robocoin_dataset/annotation/scene_annotation/scene_annotation.py", line 442, in handle_task_result
    raise ValueError(f"Dataset {ds_uuid} not found")
ValueError: Dataset None not found
2025-10-31 19:32:33 | INFO     | task_server_scene_annotation | Assigned task task_id to client scene_annotation_0
2025-10-31 19:32:34 | INFO     | task_server_scene_annotation | Received task result | Client ID: None | Task ID: None
2025-10-31 19:32:35 | ERROR    | task_server_scene_annotation | ❌ Error handling task result for None: Dataset None not found
Traceback (most recent call last):
  File "/home/diy02/new_pipeline/robocoin-dataset/src/robocoin_dataset/distribution_computation/task_server.py", line 176, in handle_message
    await asyncio.to_thread(
  File "/home/diy02/miniconda3/envs/robocoin/lib/python3.10/asyncio/threads.py", line 25, in to_thread
    return await loop.run_in_executor(None, func_call)
  File "/home/diy02/miniconda3/envs/robocoin/lib/python3.10/concurrent/futures/thread.py", line 58, in run
    result = self.fn(*self.args, **self.kwargs)
  File "/home/diy02/new_pipeline/robocoin-dataset/./src/robocoin_dataset/annotation/scene_annotation/scene_annotation.py", line 442, in handle_task_result
    raise ValueError(f"Dataset {ds_uuid} not found")
ValueError: Dataset None not found
2025-10-31 19:32:38 | INFO     | task_server_scene_annotation | Assigned task task_id to client scene_annotation_0
2025-10-31 19:32:39 | INFO     | task_server_scene_annotation | Received task result | Client ID: None | Task ID: None
2025-10-31 19:32:40 | ERROR    | task_server_scene_annotation | ❌ Error handling task result for None: Dataset None not found
Traceback (most recent call last):
  File "/home/diy02/new_pipeline/robocoin-dataset/src/robocoin_dataset/distribution_computation/task_server.py", line 176, in handle_message
    await asyncio.to_thread(
  File "/home/diy02/miniconda3/envs/robocoin/lib/python3.10/asyncio/threads.py", line 25, in to_thread
    return await loop.run_in_executor(None, func_call)
  File "/home/diy02/miniconda3/envs/robocoin/lib/python3.10/concurrent/futures/thread.py", line 58, in run
    result = self.fn(*self.args, **self.kwargs)
  File "/home/diy02/new_pipeline/robocoin-dataset/./src/robocoin_dataset/annotation/scene_annotation/scene_annotation.py", line 442, in handle_task_result
    raise ValueError(f"Dataset {ds_uuid} not found")
ValueError: Dataset None not found
2025-10-31 19:32:43 | INFO     | task_server_scene_annotation | Assigned task task_id to client scene_annotation_0
2025-10-31 19:32:44 | INFO     | task_server_scene_annotation | Received task result | Client ID: None | Task ID: None
2025-10-31 19:32:45 | ERROR    | task_server_scene_annotation | ❌ Error handling task result for None: Dataset None not found
Traceback (most recent call last):
  File "/home/diy02/new_pipeline/robocoin-dataset/src/robocoin_dataset/distribution_computation/task_server.py", line 176, in handle_message
    await asyncio.to_thread(
  File "/home/diy02/miniconda3/envs/robocoin/lib/python3.10/asyncio/threads.py", line 25, in to_thread
    return await loop.run_in_executor(None, func_call)
  File "/home/diy02/miniconda3/envs/robocoin/lib/python3.10/concurrent/futures/thread.py", line 58, in run
    result = self.fn(*self.args, **self.kwargs)
  File "/home/diy02/new_pipeline/robocoin-dataset/./src/robocoin_dataset/annotation/scene_annotation/scene_annotation.py", line 442, in handle_task_result
    raise ValueError(f"Dataset {ds_uuid} not found")
ValueError: Dataset None not found
2025-10-31 19:32:54 | INFO     | task_server_scene_annotation | Assigned task task_id to client scene_annotation_0
2025-10-31 19:32:55 | INFO     | task_server_scene_annotation | Assigned task task_id to client scene_annotation_0
2025-10-31 19:32:55 | INFO     | task_server_scene_annotation | Received task result | Client ID: None | Task ID: None
2025-10-31 19:32:55 | ERROR    | task_server_scene_annotation | ❌ Error handling task result for None: Dataset None not found
Traceback (most recent call last):
  File "/home/diy02/new_pipeline/robocoin-dataset/src/robocoin_dataset/distribution_computation/task_server.py", line 176, in handle_message
    await asyncio.to_thread(
  File "/home/diy02/miniconda3/envs/robocoin/lib/python3.10/asyncio/threads.py", line 25, in to_thread
    return await loop.run_in_executor(None, func_call)
  File "/home/diy02/miniconda3/envs/robocoin/lib/python3.10/concurrent/futures/thread.py", line 58, in run
    result = self.fn(*self.args, **self.kwargs)
  File "/home/diy02/new_pipeline/robocoin-dataset/./src/robocoin_dataset/annotation/scene_annotation/scene_annotation.py", line 442, in handle_task_result
    raise ValueError(f"Dataset {ds_uuid} not found")
ValueError: Dataset None not found
2025-10-31 19:32:56 | INFO     | task_server_scene_annotation | Received task result | Client ID: None | Task ID: None
2025-10-31 19:32:56 | ERROR    | task_server_scene_annotation | ❌ Error handling task result for None: Dataset None not found
Traceback (most recent call last):
  File "/home/diy02/new_pipeline/robocoin-dataset/src/robocoin_dataset/distribution_computation/task_server.py", line 176, in handle_message
    await asyncio.to_thread(
  File "/home/diy02/miniconda3/envs/robocoin/lib/python3.10/asyncio/threads.py", line 25, in to_thread
    return await loop.run_in_executor(None, func_call)
  File "/home/diy02/miniconda3/envs/robocoin/lib/python3.10/concurrent/futures/thread.py", line 58, in run
    result = self.fn(*self.args, **self.kwargs)
  File "/home/diy02/new_pipeline/robocoin-dataset/./src/robocoin_dataset/annotation/scene_annotation/scene_annotation.py", line 442, in handle_task_result
    raise ValueError(f"Dataset {ds_uuid} not found")
ValueError: Dataset None not found
2025-10-31 19:32:58 | INFO     | task_server_scene_annotation | Assigned task task_id to client scene_annotation_0
2025-10-31 19:32:59 | INFO     | task_server_scene_annotation | Received task result | Client ID: None | Task ID: None
2025-10-31 19:33:00 | ERROR    | task_server_scene_annotation | ❌ Error handling task result for None: Dataset None not found
Traceback (most recent call last):
  File "/home/diy02/new_pipeline/robocoin-dataset/src/robocoin_dataset/distribution_computation/task_server.py", line 176, in handle_message
    await asyncio.to_thread(
  File "/home/diy02/miniconda3/envs/robocoin/lib/python3.10/asyncio/threads.py", line 25, in to_thread
    return await loop.run_in_executor(None, func_call)
  File "/home/diy02/miniconda3/envs/robocoin/lib/python3.10/concurrent/futures/thread.py", line 58, in run
    result = self.fn(*self.args, **self.kwargs)
  File "/home/diy02/new_pipeline/robocoin-dataset/./src/robocoin_dataset/annotation/scene_annotation/scene_annotation.py", line 442, in handle_task_result
    raise ValueError(f"Dataset {ds_uuid} not found")
ValueError: Dataset None not found
2025-10-31 19:33:03 | INFO     | task_server_scene_annotation | Assigned task task_id to client scene_annotation_0
2025-10-31 19:33:04 | INFO     | task_server_scene_annotation | Received task result | Client ID: None | Task ID: None
2025-10-31 19:33:05 | ERROR    | task_server_scene_annotation | ❌ Error handling task result for None: Dataset None not found
Traceback (most recent call last):
  File "/home/diy02/new_pipeline/robocoin-dataset/src/robocoin_dataset/distribution_computation/task_server.py", line 176, in handle_message
    await asyncio.to_thread(
  File "/home/diy02/miniconda3/envs/robocoin/lib/python3.10/asyncio/threads.py", line 25, in to_thread
    return await loop.run_in_executor(None, func_call)
  File "/home/diy02/miniconda3/envs/robocoin/lib/python3.10/concurrent/futures/thread.py", line 58, in run
    result = self.fn(*self.args, **self.kwargs)
  File "/home/diy02/new_pipeline/robocoin-dataset/./src/robocoin_dataset/annotation/scene_annotation/scene_annotation.py", line 442, in handle_task_result
    raise ValueError(f"Dataset {ds_uuid} not found")
ValueError: Dataset None not found
2025-10-31 19:33:09 | INFO     | task_server_scene_annotation | Assigned task task_id to client scene_annotation_0
2025-10-31 19:33:10 | INFO     | task_server_scene_annotation | Received task result | Client ID: None | Task ID: None
2025-10-31 19:33:10 | ERROR    | task_server_scene_annotation | ❌ Error handling task result for None: Dataset None not found
Traceback (most recent call last):
  File "/home/diy02/new_pipeline/robocoin-dataset/src/robocoin_dataset/distribution_computation/task_server.py", line 176, in handle_message
    await asyncio.to_thread(
  File "/home/diy02/miniconda3/envs/robocoin/lib/python3.10/asyncio/threads.py", line 25, in to_thread
    return await loop.run_in_executor(None, func_call)
  File "/home/diy02/miniconda3/envs/robocoin/lib/python3.10/concurrent/futures/thread.py", line 58, in run
    result = self.fn(*self.args, **self.kwargs)
  File "/home/diy02/new_pipeline/robocoin-dataset/./src/robocoin_dataset/annotation/scene_annotation/scene_annotation.py", line 442, in handle_task_result
    raise ValueError(f"Dataset {ds_uuid} not found")
ValueError: Dataset None not found
2025-10-31 19:33:13 | INFO     | task_server_scene_annotation | Assigned task task_id to client scene_annotation_0
2025-10-31 19:33:14 | INFO     | task_server_scene_annotation | Received task result | Client ID: None | Task ID: None
2025-10-31 19:33:15 | ERROR    | task_server_scene_annotation | ❌ Error handling task result for None: Dataset None not found
Traceback (most recent call last):
  File "/home/diy02/new_pipeline/robocoin-dataset/src/robocoin_dataset/distribution_computation/task_server.py", line 176, in handle_message
    await asyncio.to_thread(
  File "/home/diy02/miniconda3/envs/robocoin/lib/python3.10/asyncio/threads.py", line 25, in to_thread
    return await loop.run_in_executor(None, func_call)
  File "/home/diy02/miniconda3/envs/robocoin/lib/python3.10/concurrent/futures/thread.py", line 58, in run
    result = self.fn(*self.args, **self.kwargs)
  File "/home/diy02/new_pipeline/robocoin-dataset/./src/robocoin_dataset/annotation/scene_annotation/scene_annotation.py", line 442, in handle_task_result
    raise ValueError(f"Dataset {ds_uuid} not found")
ValueError: Dataset None not found
2025-10-31 19:33:19 | INFO     | task_server_scene_annotation | Assigned task task_id to client scene_annotation_0
2025-10-31 19:33:20 | INFO     | task_server_scene_annotation | Received task result | Client ID: None | Task ID: None
2025-10-31 19:33:20 | ERROR    | task_server_scene_annotation | ❌ Error handling task result for None: Dataset None not found
Traceback (most recent call last):
  File "/home/diy02/new_pipeline/robocoin-dataset/src/robocoin_dataset/distribution_computation/task_server.py", line 176, in handle_message
    await asyncio.to_thread(
  File "/home/diy02/miniconda3/envs/robocoin/lib/python3.10/asyncio/threads.py", line 25, in to_thread
    return await loop.run_in_executor(None, func_call)
  File "/home/diy02/miniconda3/envs/robocoin/lib/python3.10/concurrent/futures/thread.py", line 58, in run
    result = self.fn(*self.args, **self.kwargs)
  File "/home/diy02/new_pipeline/robocoin-dataset/./src/robocoin_dataset/annotation/scene_annotation/scene_annotation.py", line 442, in handle_task_result
    raise ValueError(f"Dataset {ds_uuid} not found")
ValueError: Dataset None not found
2025-10-31 19:33:23 | INFO     | task_server_scene_annotation | Assigned task task_id to client scene_annotation_0
2025-10-31 19:33:24 | INFO     | task_server_scene_annotation | Received task result | Client ID: None | Task ID: None
2025-10-31 19:33:25 | ERROR    | task_server_scene_annotation | ❌ Error handling task result for None: Dataset None not found
Traceback (most recent call last):
  File "/home/diy02/new_pipeline/robocoin-dataset/src/robocoin_dataset/distribution_computation/task_server.py", line 176, in handle_message
    await asyncio.to_thread(
  File "/home/diy02/miniconda3/envs/robocoin/lib/python3.10/asyncio/threads.py", line 25, in to_thread
    return await loop.run_in_executor(None, func_call)
  File "/home/diy02/miniconda3/envs/robocoin/lib/python3.10/concurrent/futures/thread.py", line 58, in run
    result = self.fn(*self.args, **self.kwargs)
  File "/home/diy02/new_pipeline/robocoin-dataset/./src/robocoin_dataset/annotation/scene_annotation/scene_annotation.py", line 442, in handle_task_result
    raise ValueError(f"Dataset {ds_uuid} not found")
ValueError: Dataset None not found
2025-10-31 19:33:29 | INFO     | task_server_scene_annotation | Assigned task task_id to client scene_annotation_0
2025-10-31 19:33:30 | INFO     | task_server_scene_annotation | Received task result | Client ID: None | Task ID: None
2025-10-31 19:33:30 | ERROR    | task_server_scene_annotation | ❌ Error handling task result for None: Dataset None not found
Traceback (most recent call last):
  File "/home/diy02/new_pipeline/robocoin-dataset/src/robocoin_dataset/distribution_computation/task_server.py", line 176, in handle_message
    await asyncio.to_thread(
  File "/home/diy02/miniconda3/envs/robocoin/lib/python3.10/asyncio/threads.py", line 25, in to_thread
    return await loop.run_in_executor(None, func_call)
  File "/home/diy02/miniconda3/envs/robocoin/lib/python3.10/concurrent/futures/thread.py", line 58, in run
    result = self.fn(*self.args, **self.kwargs)
  File "/home/diy02/new_pipeline/robocoin-dataset/./src/robocoin_dataset/annotation/scene_annotation/scene_annotation.py", line 442, in handle_task_result
    raise ValueError(f"Dataset {ds_uuid} not found")
ValueError: Dataset None not found
2025-10-31 19:33:33 | INFO     | task_server_scene_annotation | Assigned task task_id to client scene_annotation_0
2025-10-31 19:33:34 | INFO     | task_server_scene_annotation | Received task result | Client ID: None | Task ID: None
2025-10-31 19:33:34 | ERROR    | task_server_scene_annotation | ❌ Error handling task result for None: Dataset None not found
Traceback (most recent call last):
  File "/home/diy02/new_pipeline/robocoin-dataset/src/robocoin_dataset/distribution_computation/task_server.py", line 176, in handle_message
    await asyncio.to_thread(
  File "/home/diy02/miniconda3/envs/robocoin/lib/python3.10/asyncio/threads.py", line 25, in to_thread
    return await loop.run_in_executor(None, func_call)
  File "/home/diy02/miniconda3/envs/robocoin/lib/python3.10/concurrent/futures/thread.py", line 58, in run
    result = self.fn(*self.args, **self.kwargs)
  File "/home/diy02/new_pipeline/robocoin-dataset/./src/robocoin_dataset/annotation/scene_annotation/scene_annotation.py", line 442, in handle_task_result
    raise ValueError(f"Dataset {ds_uuid} not found")
ValueError: Dataset None not found
2025-10-31 19:33:38 | INFO     | task_server_scene_annotation | Assigned task task_id to client scene_annotation_0
2025-10-31 19:33:39 | INFO     | task_server_scene_annotation | Received task result | Client ID: None | Task ID: None
2025-10-31 19:33:39 | ERROR    | task_server_scene_annotation | ❌ Error handling task result for None: Dataset None not found
Traceback (most recent call last):
  File "/home/diy02/new_pipeline/robocoin-dataset/src/robocoin_dataset/distribution_computation/task_server.py", line 176, in handle_message
    await asyncio.to_thread(
  File "/home/diy02/miniconda3/envs/robocoin/lib/python3.10/asyncio/threads.py", line 25, in to_thread
    return await loop.run_in_executor(None, func_call)
  File "/home/diy02/miniconda3/envs/robocoin/lib/python3.10/concurrent/futures/thread.py", line 58, in run
    result = self.fn(*self.args, **self.kwargs)
  File "/home/diy02/new_pipeline/robocoin-dataset/./src/robocoin_dataset/annotation/scene_annotation/scene_annotation.py", line 442, in handle_task_result
    raise ValueError(f"Dataset {ds_uuid} not found")
ValueError: Dataset None not found
2025-10-31 19:33:44 | INFO     | task_server_scene_annotation | Assigned task task_id to client scene_annotation_0
2025-10-31 19:33:45 | INFO     | task_server_scene_annotation | Received task result | Client ID: None | Task ID: None
2025-10-31 19:33:45 | ERROR    | task_server_scene_annotation | ❌ Error handling task result for None: Dataset None not found
Traceback (most recent call last):
  File "/home/diy02/new_pipeline/robocoin-dataset/src/robocoin_dataset/distribution_computation/task_server.py", line 176, in handle_message
    await asyncio.to_thread(
  File "/home/diy02/miniconda3/envs/robocoin/lib/python3.10/asyncio/threads.py", line 25, in to_thread
    return await loop.run_in_executor(None, func_call)
  File "/home/diy02/miniconda3/envs/robocoin/lib/python3.10/concurrent/futures/thread.py", line 58, in run
    result = self.fn(*self.args, **self.kwargs)
  File "/home/diy02/new_pipeline/robocoin-dataset/./src/robocoin_dataset/annotation/scene_annotation/scene_annotation.py", line 442, in handle_task_result
    raise ValueError(f"Dataset {ds_uuid} not found")
ValueError: Dataset None not found
2025-10-31 19:33:49 | INFO     | task_server_scene_annotation | Assigned task task_id to client scene_annotation_0
2025-10-31 19:33:50 | INFO     | task_server_scene_annotation | Received task result | Client ID: None | Task ID: None
2025-10-31 19:33:50 | ERROR    | task_server_scene_annotation | ❌ Error handling task result for None: Dataset None not found
Traceback (most recent call last):
  File "/home/diy02/new_pipeline/robocoin-dataset/src/robocoin_dataset/distribution_computation/task_server.py", line 176, in handle_message
    await asyncio.to_thread(
  File "/home/diy02/miniconda3/envs/robocoin/lib/python3.10/asyncio/threads.py", line 25, in to_thread
    return await loop.run_in_executor(None, func_call)
  File "/home/diy02/miniconda3/envs/robocoin/lib/python3.10/concurrent/futures/thread.py", line 58, in run
    result = self.fn(*self.args, **self.kwargs)
  File "/home/diy02/new_pipeline/robocoin-dataset/./src/robocoin_dataset/annotation/scene_annotation/scene_annotation.py", line 442, in handle_task_result
    raise ValueError(f"Dataset {ds_uuid} not found")
ValueError: Dataset None not found
2025-10-31 19:33:54 | INFO     | task_server_scene_annotation | Assigned task task_id to client scene_annotation_0
2025-10-31 19:33:55 | INFO     | task_server_scene_annotation | Received task result | Client ID: None | Task ID: None
2025-10-31 19:33:55 | ERROR    | task_server_scene_annotation | ❌ Error handling task result for None: Dataset None not found
Traceback (most recent call last):
  File "/home/diy02/new_pipeline/robocoin-dataset/src/robocoin_dataset/distribution_computation/task_server.py", line 176, in handle_message
    await asyncio.to_thread(
  File "/home/diy02/miniconda3/envs/robocoin/lib/python3.10/asyncio/threads.py", line 25, in to_thread
    return await loop.run_in_executor(None, func_call)
  File "/home/diy02/miniconda3/envs/robocoin/lib/python3.10/concurrent/futures/thread.py", line 58, in run
    result = self.fn(*self.args, **self.kwargs)
  File "/home/diy02/new_pipeline/robocoin-dataset/./src/robocoin_dataset/annotation/scene_annotation/scene_annotation.py", line 442, in handle_task_result
    raise ValueError(f"Dataset {ds_uuid} not found")
ValueError: Dataset None not found
2025-10-31 19:33:59 | INFO     | task_server_scene_annotation | Assigned task task_id to client scene_annotation_0
2025-10-31 19:34:00 | INFO     | task_server_scene_annotation | Received task result | Client ID: None | Task ID: None
2025-10-31 19:34:00 | ERROR    | task_server_scene_annotation | ❌ Error handling task result for None: Dataset None not found
Traceback (most recent call last):
  File "/home/diy02/new_pipeline/robocoin-dataset/src/robocoin_dataset/distribution_computation/task_server.py", line 176, in handle_message
    await asyncio.to_thread(
  File "/home/diy02/miniconda3/envs/robocoin/lib/python3.10/asyncio/threads.py", line 25, in to_thread
    return await loop.run_in_executor(None, func_call)
  File "/home/diy02/miniconda3/envs/robocoin/lib/python3.10/concurrent/futures/thread.py", line 58, in run
    result = self.fn(*self.args, **self.kwargs)
  File "/home/diy02/new_pipeline/robocoin-dataset/./src/robocoin_dataset/annotation/scene_annotation/scene_annotation.py", line 442, in handle_task_result
    raise ValueError(f"Dataset {ds_uuid} not found")
ValueError: Dataset None not found
2025-10-31 19:34:04 | INFO     | task_server_scene_annotation | Assigned task task_id to client scene_annotation_0
2025-10-31 19:34:05 | INFO     | task_server_scene_annotation | Received task result | Client ID: None | Task ID: None
2025-10-31 19:34:05 | ERROR    | task_server_scene_annotation | ❌ Error handling task result for None: Dataset None not found
Traceback (most recent call last):
  File "/home/diy02/new_pipeline/robocoin-dataset/src/robocoin_dataset/distribution_computation/task_server.py", line 176, in handle_message
    await asyncio.to_thread(
  File "/home/diy02/miniconda3/envs/robocoin/lib/python3.10/asyncio/threads.py", line 25, in to_thread
    return await loop.run_in_executor(None, func_call)
  File "/home/diy02/miniconda3/envs/robocoin/lib/python3.10/concurrent/futures/thread.py", line 58, in run
    result = self.fn(*self.args, **self.kwargs)
  File "/home/diy02/new_pipeline/robocoin-dataset/./src/robocoin_dataset/annotation/scene_annotation/scene_annotation.py", line 442, in handle_task_result
    raise ValueError(f"Dataset {ds_uuid} not found")
ValueError: Dataset None not found
2025-10-31 19:34:09 | INFO     | task_server_scene_annotation | Assigned task task_id to client scene_annotation_0
2025-10-31 19:34:10 | INFO     | task_server_scene_annotation | Received task result | Client ID: None | Task ID: None
2025-10-31 19:34:10 | ERROR    | task_server_scene_annotation | ❌ Error handling task result for None: Dataset None not found
Traceback (most recent call last):
  File "/home/diy02/new_pipeline/robocoin-dataset/src/robocoin_dataset/distribution_computation/task_server.py", line 176, in handle_message
    await asyncio.to_thread(
  File "/home/diy02/miniconda3/envs/robocoin/lib/python3.10/asyncio/threads.py", line 25, in to_thread
    return await loop.run_in_executor(None, func_call)
  File "/home/diy02/miniconda3/envs/robocoin/lib/python3.10/concurrent/futures/thread.py", line 58, in run
    result = self.fn(*self.args, **self.kwargs)
  File "/home/diy02/new_pipeline/robocoin-dataset/./src/robocoin_dataset/annotation/scene_annotation/scene_annotation.py", line 442, in handle_task_result
    raise ValueError(f"Dataset {ds_uuid} not found")
ValueError: Dataset None not found
2025-10-31 19:34:19 | INFO     | task_server_scene_annotation | Assigned task task_id to client scene_annotation_0
2025-10-31 19:34:23 | INFO     | task_server_scene_annotation | Assigned task task_id to client scene_annotation_0
2025-10-31 19:34:23 | INFO     | task_server_scene_annotation | Received task result | Client ID: None | Task ID: None
2025-10-31 19:34:23 | ERROR    | task_server_scene_annotation | ❌ Error handling task result for None: Dataset None not found
Traceback (most recent call last):
  File "/home/diy02/new_pipeline/robocoin-dataset/src/robocoin_dataset/distribution_computation/task_server.py", line 176, in handle_message
    await asyncio.to_thread(
  File "/home/diy02/miniconda3/envs/robocoin/lib/python3.10/asyncio/threads.py", line 25, in to_thread
    return await loop.run_in_executor(None, func_call)
  File "/home/diy02/miniconda3/envs/robocoin/lib/python3.10/concurrent/futures/thread.py", line 58, in run
    result = self.fn(*self.args, **self.kwargs)
  File "/home/diy02/new_pipeline/robocoin-dataset/./src/robocoin_dataset/annotation/scene_annotation/scene_annotation.py", line 442, in handle_task_result
    raise ValueError(f"Dataset {ds_uuid} not found")
ValueError: Dataset None not found
2025-10-31 19:34:24 | INFO     | task_server_scene_annotation | Assigned task task_id to client scene_annotation_0
2025-10-31 19:34:24 | INFO     | task_server_scene_annotation | Received task result | Client ID: None | Task ID: None
2025-10-31 19:34:24 | ERROR    | task_server_scene_annotation | ❌ Error handling task result for None: Dataset None not found
Traceback (most recent call last):
  File "/home/diy02/new_pipeline/robocoin-dataset/src/robocoin_dataset/distribution_computation/task_server.py", line 176, in handle_message
    await asyncio.to_thread(
  File "/home/diy02/miniconda3/envs/robocoin/lib/python3.10/asyncio/threads.py", line 25, in to_thread
    return await loop.run_in_executor(None, func_call)
  File "/home/diy02/miniconda3/envs/robocoin/lib/python3.10/concurrent/futures/thread.py", line 58, in run
    result = self.fn(*self.args, **self.kwargs)
  File "/home/diy02/new_pipeline/robocoin-dataset/./src/robocoin_dataset/annotation/scene_annotation/scene_annotation.py", line 442, in handle_task_result
    raise ValueError(f"Dataset {ds_uuid} not found")
ValueError: Dataset None not found
2025-10-31 19:34:25 | INFO     | task_server_scene_annotation | Received task result | Client ID: None | Task ID: None
2025-10-31 19:34:25 | ERROR    | task_server_scene_annotation | ❌ Error handling task result for None: Dataset None not found
Traceback (most recent call last):
  File "/home/diy02/new_pipeline/robocoin-dataset/src/robocoin_dataset/distribution_computation/task_server.py", line 176, in handle_message
    await asyncio.to_thread(
  File "/home/diy02/miniconda3/envs/robocoin/lib/python3.10/asyncio/threads.py", line 25, in to_thread
    return await loop.run_in_executor(None, func_call)
  File "/home/diy02/miniconda3/envs/robocoin/lib/python3.10/concurrent/futures/thread.py", line 58, in run
    result = self.fn(*self.args, **self.kwargs)
  File "/home/diy02/new_pipeline/robocoin-dataset/./src/robocoin_dataset/annotation/scene_annotation/scene_annotation.py", line 442, in handle_task_result
    raise ValueError(f"Dataset {ds_uuid} not found")
ValueError: Dataset None not found
2025-10-31 19:34:28 | INFO     | task_server_scene_annotation | Assigned task task_id to client scene_annotation_0
2025-10-31 19:34:29 | INFO     | task_server_scene_annotation | Received task result | Client ID: None | Task ID: None
2025-10-31 19:34:29 | ERROR    | task_server_scene_annotation | ❌ Error handling task result for None: Dataset None not found
Traceback (most recent call last):
  File "/home/diy02/new_pipeline/robocoin-dataset/src/robocoin_dataset/distribution_computation/task_server.py", line 176, in handle_message
    await asyncio.to_thread(
  File "/home/diy02/miniconda3/envs/robocoin/lib/python3.10/asyncio/threads.py", line 25, in to_thread
    return await loop.run_in_executor(None, func_call)
  File "/home/diy02/miniconda3/envs/robocoin/lib/python3.10/concurrent/futures/thread.py", line 58, in run
    result = self.fn(*self.args, **self.kwargs)
  File "/home/diy02/new_pipeline/robocoin-dataset/./src/robocoin_dataset/annotation/scene_annotation/scene_annotation.py", line 442, in handle_task_result
    raise ValueError(f"Dataset {ds_uuid} not found")
ValueError: Dataset None not found
2025-10-31 19:34:33 | INFO     | task_server_scene_annotation | Assigned task task_id to client scene_annotation_0
2025-10-31 19:34:34 | INFO     | task_server_scene_annotation | Received task result | Client ID: None | Task ID: None
2025-10-31 19:34:35 | ERROR    | task_server_scene_annotation | ❌ Error handling task result for None: Dataset None not found
Traceback (most recent call last):
  File "/home/diy02/new_pipeline/robocoin-dataset/src/robocoin_dataset/distribution_computation/task_server.py", line 176, in handle_message
    await asyncio.to_thread(
  File "/home/diy02/miniconda3/envs/robocoin/lib/python3.10/asyncio/threads.py", line 25, in to_thread
    return await loop.run_in_executor(None, func_call)
  File "/home/diy02/miniconda3/envs/robocoin/lib/python3.10/concurrent/futures/thread.py", line 58, in run
    result = self.fn(*self.args, **self.kwargs)
  File "/home/diy02/new_pipeline/robocoin-dataset/./src/robocoin_dataset/annotation/scene_annotation/scene_annotation.py", line 442, in handle_task_result
    raise ValueError(f"Dataset {ds_uuid} not found")
ValueError: Dataset None not found
2025-10-31 19:34:38 | INFO     | task_server_scene_annotation | Assigned task task_id to client scene_annotation_0
2025-10-31 19:34:39 | INFO     | task_server_scene_annotation | Received task result | Client ID: None | Task ID: None
2025-10-31 19:34:40 | ERROR    | task_server_scene_annotation | ❌ Error handling task result for None: Dataset None not found
Traceback (most recent call last):
  File "/home/diy02/new_pipeline/robocoin-dataset/src/robocoin_dataset/distribution_computation/task_server.py", line 176, in handle_message
    await asyncio.to_thread(
  File "/home/diy02/miniconda3/envs/robocoin/lib/python3.10/asyncio/threads.py", line 25, in to_thread
    return await loop.run_in_executor(None, func_call)
  File "/home/diy02/miniconda3/envs/robocoin/lib/python3.10/concurrent/futures/thread.py", line 58, in run
    result = self.fn(*self.args, **self.kwargs)
  File "/home/diy02/new_pipeline/robocoin-dataset/./src/robocoin_dataset/annotation/scene_annotation/scene_annotation.py", line 442, in handle_task_result
    raise ValueError(f"Dataset {ds_uuid} not found")
ValueError: Dataset None not found
2025-10-31 19:34:44 | INFO     | task_server_scene_annotation | Assigned task task_id to client scene_annotation_0
2025-10-31 19:34:45 | INFO     | task_server_scene_annotation | Received task result | Client ID: None | Task ID: None
2025-10-31 19:34:45 | ERROR    | task_server_scene_annotation | ❌ Error handling task result for None: Dataset None not found
Traceback (most recent call last):
  File "/home/diy02/new_pipeline/robocoin-dataset/src/robocoin_dataset/distribution_computation/task_server.py", line 176, in handle_message
    await asyncio.to_thread(
  File "/home/diy02/miniconda3/envs/robocoin/lib/python3.10/asyncio/threads.py", line 25, in to_thread
    return await loop.run_in_executor(None, func_call)
  File "/home/diy02/miniconda3/envs/robocoin/lib/python3.10/concurrent/futures/thread.py", line 58, in run
    result = self.fn(*self.args, **self.kwargs)
  File "/home/diy02/new_pipeline/robocoin-dataset/./src/robocoin_dataset/annotation/scene_annotation/scene_annotation.py", line 442, in handle_task_result
    raise ValueError(f"Dataset {ds_uuid} not found")
ValueError: Dataset None not found
2025-10-31 19:34:49 | INFO     | task_server_scene_annotation | Assigned task task_id to client scene_annotation_0
2025-10-31 19:34:50 | INFO     | task_server_scene_annotation | Received task result | Client ID: None | Task ID: None
2025-10-31 19:34:50 | ERROR    | task_server_scene_annotation | ❌ Error handling task result for None: Dataset None not found
Traceback (most recent call last):
  File "/home/diy02/new_pipeline/robocoin-dataset/src/robocoin_dataset/distribution_computation/task_server.py", line 176, in handle_message
    await asyncio.to_thread(
  File "/home/diy02/miniconda3/envs/robocoin/lib/python3.10/asyncio/threads.py", line 25, in to_thread
    return await loop.run_in_executor(None, func_call)
  File "/home/diy02/miniconda3/envs/robocoin/lib/python3.10/concurrent/futures/thread.py", line 58, in run
    result = self.fn(*self.args, **self.kwargs)
  File "/home/diy02/new_pipeline/robocoin-dataset/./src/robocoin_dataset/annotation/scene_annotation/scene_annotation.py", line 442, in handle_task_result
    raise ValueError(f"Dataset {ds_uuid} not found")
ValueError: Dataset None not found
2025-10-31 19:34:54 | INFO     | task_server_scene_annotation | Assigned task task_id to client scene_annotation_0
2025-10-31 19:34:55 | INFO     | task_server_scene_annotation | Received task result | Client ID: None | Task ID: None
2025-10-31 19:34:55 | ERROR    | task_server_scene_annotation | ❌ Error handling task result for None: Dataset None not found
Traceback (most recent call last):
  File "/home/diy02/new_pipeline/robocoin-dataset/src/robocoin_dataset/distribution_computation/task_server.py", line 176, in handle_message
    await asyncio.to_thread(
  File "/home/diy02/miniconda3/envs/robocoin/lib/python3.10/asyncio/threads.py", line 25, in to_thread
    return await loop.run_in_executor(None, func_call)
  File "/home/diy02/miniconda3/envs/robocoin/lib/python3.10/concurrent/futures/thread.py", line 58, in run
    result = self.fn(*self.args, **self.kwargs)
  File "/home/diy02/new_pipeline/robocoin-dataset/./src/robocoin_dataset/annotation/scene_annotation/scene_annotation.py", line 442, in handle_task_result
    raise ValueError(f"Dataset {ds_uuid} not found")
ValueError: Dataset None not found
2025-10-31 19:34:59 | INFO     | task_server_scene_annotation | Assigned task task_id to client scene_annotation_0
2025-10-31 19:35:00 | INFO     | task_server_scene_annotation | Received task result | Client ID: None | Task ID: None
2025-10-31 19:35:00 | ERROR    | task_server_scene_annotation | ❌ Error handling task result for None: Dataset None not found
Traceback (most recent call last):
  File "/home/diy02/new_pipeline/robocoin-dataset/src/robocoin_dataset/distribution_computation/task_server.py", line 176, in handle_message
    await asyncio.to_thread(
  File "/home/diy02/miniconda3/envs/robocoin/lib/python3.10/asyncio/threads.py", line 25, in to_thread
    return await loop.run_in_executor(None, func_call)
  File "/home/diy02/miniconda3/envs/robocoin/lib/python3.10/concurrent/futures/thread.py", line 58, in run
    result = self.fn(*self.args, **self.kwargs)
  File "/home/diy02/new_pipeline/robocoin-dataset/./src/robocoin_dataset/annotation/scene_annotation/scene_annotation.py", line 442, in handle_task_result
    raise ValueError(f"Dataset {ds_uuid} not found")
ValueError: Dataset None not found
2025-10-31 19:35:03 | INFO     | task_server_scene_annotation | Assigned task task_id to client scene_annotation_0
2025-10-31 19:35:04 | INFO     | task_server_scene_annotation | Received task result | Client ID: None | Task ID: None
2025-10-31 19:35:04 | ERROR    | task_server_scene_annotation | ❌ Error handling task result for None: Dataset None not found
Traceback (most recent call last):
  File "/home/diy02/new_pipeline/robocoin-dataset/src/robocoin_dataset/distribution_computation/task_server.py", line 176, in handle_message
    await asyncio.to_thread(
  File "/home/diy02/miniconda3/envs/robocoin/lib/python3.10/asyncio/threads.py", line 25, in to_thread
    return await loop.run_in_executor(None, func_call)
  File "/home/diy02/miniconda3/envs/robocoin/lib/python3.10/concurrent/futures/thread.py", line 58, in run
    result = self.fn(*self.args, **self.kwargs)
  File "/home/diy02/new_pipeline/robocoin-dataset/./src/robocoin_dataset/annotation/scene_annotation/scene_annotation.py", line 442, in handle_task_result
    raise ValueError(f"Dataset {ds_uuid} not found")
ValueError: Dataset None not found
2025-10-31 19:35:09 | INFO     | task_server_scene_annotation | Assigned task task_id to client scene_annotation_0
2025-10-31 19:35:10 | INFO     | task_server_scene_annotation | Received task result | Client ID: None | Task ID: None
2025-10-31 19:35:10 | ERROR    | task_server_scene_annotation | ❌ Error handling task result for None: Dataset None not found
Traceback (most recent call last):
  File "/home/diy02/new_pipeline/robocoin-dataset/src/robocoin_dataset/distribution_computation/task_server.py", line 176, in handle_message
    await asyncio.to_thread(
  File "/home/diy02/miniconda3/envs/robocoin/lib/python3.10/asyncio/threads.py", line 25, in to_thread
    return await loop.run_in_executor(None, func_call)
  File "/home/diy02/miniconda3/envs/robocoin/lib/python3.10/concurrent/futures/thread.py", line 58, in run
    result = self.fn(*self.args, **self.kwargs)
  File "/home/diy02/new_pipeline/robocoin-dataset/./src/robocoin_dataset/annotation/scene_annotation/scene_annotation.py", line 442, in handle_task_result
    raise ValueError(f"Dataset {ds_uuid} not found")
ValueError: Dataset None not found
2025-10-31 19:35:14 | INFO     | task_server_scene_annotation | Assigned task task_id to client scene_annotation_0
2025-10-31 19:35:15 | INFO     | task_server_scene_annotation | Received task result | Client ID: None | Task ID: None
2025-10-31 19:35:15 | ERROR    | task_server_scene_annotation | ❌ Error handling task result for None: Dataset None not found
Traceback (most recent call last):
  File "/home/diy02/new_pipeline/robocoin-dataset/src/robocoin_dataset/distribution_computation/task_server.py", line 176, in handle_message
    await asyncio.to_thread(
  File "/home/diy02/miniconda3/envs/robocoin/lib/python3.10/asyncio/threads.py", line 25, in to_thread
    return await loop.run_in_executor(None, func_call)
  File "/home/diy02/miniconda3/envs/robocoin/lib/python3.10/concurrent/futures/thread.py", line 58, in run
    result = self.fn(*self.args, **self.kwargs)
  File "/home/diy02/new_pipeline/robocoin-dataset/./src/robocoin_dataset/annotation/scene_annotation/scene_annotation.py", line 442, in handle_task_result
    raise ValueError(f"Dataset {ds_uuid} not found")
ValueError: Dataset None not found
2025-10-31 19:35:18 | INFO     | task_server_scene_annotation | Assigned task task_id to client scene_annotation_0
2025-10-31 19:35:19 | INFO     | task_server_scene_annotation | Received task result | Client ID: None | Task ID: None
2025-10-31 19:35:20 | ERROR    | task_server_scene_annotation | ❌ Error handling task result for None: Dataset None not found
Traceback (most recent call last):
  File "/home/diy02/new_pipeline/robocoin-dataset/src/robocoin_dataset/distribution_computation/task_server.py", line 176, in handle_message
    await asyncio.to_thread(
  File "/home/diy02/miniconda3/envs/robocoin/lib/python3.10/asyncio/threads.py", line 25, in to_thread
    return await loop.run_in_executor(None, func_call)
  File "/home/diy02/miniconda3/envs/robocoin/lib/python3.10/concurrent/futures/thread.py", line 58, in run
    result = self.fn(*self.args, **self.kwargs)
  File "/home/diy02/new_pipeline/robocoin-dataset/./src/robocoin_dataset/annotation/scene_annotation/scene_annotation.py", line 442, in handle_task_result
    raise ValueError(f"Dataset {ds_uuid} not found")
ValueError: Dataset None not found
2025-10-31 19:35:23 | INFO     | task_server_scene_annotation | Assigned task task_id to client scene_annotation_0
2025-10-31 19:35:24 | INFO     | task_server_scene_annotation | Received task result | Client ID: None | Task ID: None
2025-10-31 19:35:25 | ERROR    | task_server_scene_annotation | ❌ Error handling task result for None: Dataset None not found
Traceback (most recent call last):
  File "/home/diy02/new_pipeline/robocoin-dataset/src/robocoin_dataset/distribution_computation/task_server.py", line 176, in handle_message
    await asyncio.to_thread(
  File "/home/diy02/miniconda3/envs/robocoin/lib/python3.10/asyncio/threads.py", line 25, in to_thread
    return await loop.run_in_executor(None, func_call)
  File "/home/diy02/miniconda3/envs/robocoin/lib/python3.10/concurrent/futures/thread.py", line 58, in run
    result = self.fn(*self.args, **self.kwargs)
  File "/home/diy02/new_pipeline/robocoin-dataset/./src/robocoin_dataset/annotation/scene_annotation/scene_annotation.py", line 442, in handle_task_result
    raise ValueError(f"Dataset {ds_uuid} not found")
ValueError: Dataset None not found
2025-10-31 19:35:29 | INFO     | task_server_scene_annotation | Assigned task task_id to client scene_annotation_0
2025-10-31 19:35:30 | INFO     | task_server_scene_annotation | Received task result | Client ID: None | Task ID: None
2025-10-31 19:35:30 | ERROR    | task_server_scene_annotation | ❌ Error handling task result for None: Dataset None not found
Traceback (most recent call last):
  File "/home/diy02/new_pipeline/robocoin-dataset/src/robocoin_dataset/distribution_computation/task_server.py", line 176, in handle_message
    await asyncio.to_thread(
  File "/home/diy02/miniconda3/envs/robocoin/lib/python3.10/asyncio/threads.py", line 25, in to_thread
    return await loop.run_in_executor(None, func_call)
  File "/home/diy02/miniconda3/envs/robocoin/lib/python3.10/concurrent/futures/thread.py", line 58, in run
    result = self.fn(*self.args, **self.kwargs)
  File "/home/diy02/new_pipeline/robocoin-dataset/./src/robocoin_dataset/annotation/scene_annotation/scene_annotation.py", line 442, in handle_task_result
    raise ValueError(f"Dataset {ds_uuid} not found")
ValueError: Dataset None not found
2025-10-31 19:35:34 | INFO     | task_server_scene_annotation | Assigned task task_id to client scene_annotation_0
2025-10-31 19:35:35 | INFO     | task_server_scene_annotation | Received task result | Client ID: None | Task ID: None
2025-10-31 19:35:35 | ERROR    | task_server_scene_annotation | ❌ Error handling task result for None: Dataset None not found
Traceback (most recent call last):
  File "/home/diy02/new_pipeline/robocoin-dataset/src/robocoin_dataset/distribution_computation/task_server.py", line 176, in handle_message
    await asyncio.to_thread(
  File "/home/diy02/miniconda3/envs/robocoin/lib/python3.10/asyncio/threads.py", line 25, in to_thread
    return await loop.run_in_executor(None, func_call)
  File "/home/diy02/miniconda3/envs/robocoin/lib/python3.10/concurrent/futures/thread.py", line 58, in run
    result = self.fn(*self.args, **self.kwargs)
  File "/home/diy02/new_pipeline/robocoin-dataset/./src/robocoin_dataset/annotation/scene_annotation/scene_annotation.py", line 442, in handle_task_result
    raise ValueError(f"Dataset {ds_uuid} not found")
ValueError: Dataset None not found
2025-10-31 19:35:38 | INFO     | task_server_scene_annotation | Assigned task task_id to client scene_annotation_0
2025-10-31 19:35:39 | INFO     | task_server_scene_annotation | Received task result | Client ID: None | Task ID: None
2025-10-31 19:35:40 | ERROR    | task_server_scene_annotation | ❌ Error handling task result for None: Dataset None not found
Traceback (most recent call last):
  File "/home/diy02/new_pipeline/robocoin-dataset/src/robocoin_dataset/distribution_computation/task_server.py", line 176, in handle_message
    await asyncio.to_thread(
  File "/home/diy02/miniconda3/envs/robocoin/lib/python3.10/asyncio/threads.py", line 25, in to_thread
    return await loop.run_in_executor(None, func_call)
  File "/home/diy02/miniconda3/envs/robocoin/lib/python3.10/concurrent/futures/thread.py", line 58, in run
    result = self.fn(*self.args, **self.kwargs)
  File "/home/diy02/new_pipeline/robocoin-dataset/./src/robocoin_dataset/annotation/scene_annotation/scene_annotation.py", line 442, in handle_task_result
    raise ValueError(f"Dataset {ds_uuid} not found")
ValueError: Dataset None not found
2025-10-31 19:35:43 | INFO     | task_server_scene_annotation | Assigned task task_id to client scene_annotation_0
2025-10-31 19:35:44 | INFO     | task_server_scene_annotation | Received task result | Client ID: None | Task ID: None
2025-10-31 19:35:45 | ERROR    | task_server_scene_annotation | ❌ Error handling task result for None: Dataset None not found
Traceback (most recent call last):
  File "/home/diy02/new_pipeline/robocoin-dataset/src/robocoin_dataset/distribution_computation/task_server.py", line 176, in handle_message
    await asyncio.to_thread(
  File "/home/diy02/miniconda3/envs/robocoin/lib/python3.10/asyncio/threads.py", line 25, in to_thread
    return await loop.run_in_executor(None, func_call)
  File "/home/diy02/miniconda3/envs/robocoin/lib/python3.10/concurrent/futures/thread.py", line 58, in run
    result = self.fn(*self.args, **self.kwargs)
  File "/home/diy02/new_pipeline/robocoin-dataset/./src/robocoin_dataset/annotation/scene_annotation/scene_annotation.py", line 442, in handle_task_result
    raise ValueError(f"Dataset {ds_uuid} not found")
ValueError: Dataset None not found
2025-10-31 19:35:48 | INFO     | task_server_scene_annotation | Assigned task task_id to client scene_annotation_0
2025-10-31 19:35:49 | INFO     | task_server_scene_annotation | Received task result | Client ID: None | Task ID: None
2025-10-31 19:35:49 | ERROR    | task_server_scene_annotation | ❌ Error handling task result for None: Dataset None not found
Traceback (most recent call last):
  File "/home/diy02/new_pipeline/robocoin-dataset/src/robocoin_dataset/distribution_computation/task_server.py", line 176, in handle_message
    await asyncio.to_thread(
  File "/home/diy02/miniconda3/envs/robocoin/lib/python3.10/asyncio/threads.py", line 25, in to_thread
    return await loop.run_in_executor(None, func_call)
  File "/home/diy02/miniconda3/envs/robocoin/lib/python3.10/concurrent/futures/thread.py", line 58, in run
    result = self.fn(*self.args, **self.kwargs)
  File "/home/diy02/new_pipeline/robocoin-dataset/./src/robocoin_dataset/annotation/scene_annotation/scene_annotation.py", line 442, in handle_task_result
    raise ValueError(f"Dataset {ds_uuid} not found")
ValueError: Dataset None not found
2025-10-31 19:35:53 | INFO     | task_server_scene_annotation | Assigned task task_id to client scene_annotation_0
2025-10-31 19:35:54 | INFO     | task_server_scene_annotation | Received task result | Client ID: None | Task ID: None
2025-10-31 19:35:55 | ERROR    | task_server_scene_annotation | ❌ Error handling task result for None: Dataset None not found
Traceback (most recent call last):
  File "/home/diy02/new_pipeline/robocoin-dataset/src/robocoin_dataset/distribution_computation/task_server.py", line 176, in handle_message
    await asyncio.to_thread(
  File "/home/diy02/miniconda3/envs/robocoin/lib/python3.10/asyncio/threads.py", line 25, in to_thread
    return await loop.run_in_executor(None, func_call)
  File "/home/diy02/miniconda3/envs/robocoin/lib/python3.10/concurrent/futures/thread.py", line 58, in run
    result = self.fn(*self.args, **self.kwargs)
  File "/home/diy02/new_pipeline/robocoin-dataset/./src/robocoin_dataset/annotation/scene_annotation/scene_annotation.py", line 442, in handle_task_result
    raise ValueError(f"Dataset {ds_uuid} not found")
ValueError: Dataset None not found
2025-10-31 19:35:58 | INFO     | task_server_scene_annotation | Assigned task task_id to client scene_annotation_0
2025-10-31 19:35:59 | INFO     | task_server_scene_annotation | Received task result | Client ID: None | Task ID: None
2025-10-31 19:36:00 | ERROR    | task_server_scene_annotation | ❌ Error handling task result for None: Dataset None not found
Traceback (most recent call last):
  File "/home/diy02/new_pipeline/robocoin-dataset/src/robocoin_dataset/distribution_computation/task_server.py", line 176, in handle_message
    await asyncio.to_thread(
  File "/home/diy02/miniconda3/envs/robocoin/lib/python3.10/asyncio/threads.py", line 25, in to_thread
    return await loop.run_in_executor(None, func_call)
  File "/home/diy02/miniconda3/envs/robocoin/lib/python3.10/concurrent/futures/thread.py", line 58, in run
    result = self.fn(*self.args, **self.kwargs)
  File "/home/diy02/new_pipeline/robocoin-dataset/./src/robocoin_dataset/annotation/scene_annotation/scene_annotation.py", line 442, in handle_task_result
    raise ValueError(f"Dataset {ds_uuid} not found")
ValueError: Dataset None not found
2025-10-31 19:36:03 | INFO     | task_server_scene_annotation | Assigned task task_id to client scene_annotation_0
2025-10-31 19:36:04 | INFO     | task_server_scene_annotation | Received task result | Client ID: None | Task ID: None
2025-10-31 19:36:05 | ERROR    | task_server_scene_annotation | ❌ Error handling task result for None: Dataset None not found
Traceback (most recent call last):
  File "/home/diy02/new_pipeline/robocoin-dataset/src/robocoin_dataset/distribution_computation/task_server.py", line 176, in handle_message
    await asyncio.to_thread(
  File "/home/diy02/miniconda3/envs/robocoin/lib/python3.10/asyncio/threads.py", line 25, in to_thread
    return await loop.run_in_executor(None, func_call)
  File "/home/diy02/miniconda3/envs/robocoin/lib/python3.10/concurrent/futures/thread.py", line 58, in run
    result = self.fn(*self.args, **self.kwargs)
  File "/home/diy02/new_pipeline/robocoin-dataset/./src/robocoin_dataset/annotation/scene_annotation/scene_annotation.py", line 442, in handle_task_result
    raise ValueError(f"Dataset {ds_uuid} not found")
ValueError: Dataset None not found
2025-10-31 19:36:09 | INFO     | task_server_scene_annotation | Assigned task task_id to client scene_annotation_0
2025-10-31 19:36:10 | INFO     | task_server_scene_annotation | Received task result | Client ID: None | Task ID: None
2025-10-31 19:36:10 | ERROR    | task_server_scene_annotation | ❌ Error handling task result for None: Dataset None not found
Traceback (most recent call last):
  File "/home/diy02/new_pipeline/robocoin-dataset/src/robocoin_dataset/distribution_computation/task_server.py", line 176, in handle_message
    await asyncio.to_thread(
  File "/home/diy02/miniconda3/envs/robocoin/lib/python3.10/asyncio/threads.py", line 25, in to_thread
    return await loop.run_in_executor(None, func_call)
  File "/home/diy02/miniconda3/envs/robocoin/lib/python3.10/concurrent/futures/thread.py", line 58, in run
    result = self.fn(*self.args, **self.kwargs)
  File "/home/diy02/new_pipeline/robocoin-dataset/./src/robocoin_dataset/annotation/scene_annotation/scene_annotation.py", line 442, in handle_task_result
    raise ValueError(f"Dataset {ds_uuid} not found")
ValueError: Dataset None not found
2025-10-31 19:36:13 | INFO     | task_server_scene_annotation | Assigned task task_id to client scene_annotation_0
2025-10-31 19:36:14 | INFO     | task_server_scene_annotation | Received task result | Client ID: None | Task ID: None
2025-10-31 19:36:14 | ERROR    | task_server_scene_annotation | ❌ Error handling task result for None: Dataset None not found
Traceback (most recent call last):
  File "/home/diy02/new_pipeline/robocoin-dataset/src/robocoin_dataset/distribution_computation/task_server.py", line 176, in handle_message
    await asyncio.to_thread(
  File "/home/diy02/miniconda3/envs/robocoin/lib/python3.10/asyncio/threads.py", line 25, in to_thread
    return await loop.run_in_executor(None, func_call)
  File "/home/diy02/miniconda3/envs/robocoin/lib/python3.10/concurrent/futures/thread.py", line 58, in run
    result = self.fn(*self.args, **self.kwargs)
  File "/home/diy02/new_pipeline/robocoin-dataset/./src/robocoin_dataset/annotation/scene_annotation/scene_annotation.py", line 442, in handle_task_result
    raise ValueError(f"Dataset {ds_uuid} not found")
ValueError: Dataset None not found
2025-10-31 19:36:19 | INFO     | task_server_scene_annotation | Assigned task task_id to client scene_annotation_0
2025-10-31 19:36:20 | INFO     | task_server_scene_annotation | Received task result | Client ID: None | Task ID: None
2025-10-31 19:36:20 | ERROR    | task_server_scene_annotation | ❌ Error handling task result for None: Dataset None not found
Traceback (most recent call last):
  File "/home/diy02/new_pipeline/robocoin-dataset/src/robocoin_dataset/distribution_computation/task_server.py", line 176, in handle_message
    await asyncio.to_thread(
  File "/home/diy02/miniconda3/envs/robocoin/lib/python3.10/asyncio/threads.py", line 25, in to_thread
    return await loop.run_in_executor(None, func_call)
  File "/home/diy02/miniconda3/envs/robocoin/lib/python3.10/concurrent/futures/thread.py", line 58, in run
    result = self.fn(*self.args, **self.kwargs)
  File "/home/diy02/new_pipeline/robocoin-dataset/./src/robocoin_dataset/annotation/scene_annotation/scene_annotation.py", line 442, in handle_task_result
    raise ValueError(f"Dataset {ds_uuid} not found")
ValueError: Dataset None not found
2025-10-31 19:36:24 | INFO     | task_server_scene_annotation | Assigned task task_id to client scene_annotation_0
2025-10-31 19:36:25 | INFO     | task_server_scene_annotation | Received task result | Client ID: None | Task ID: None
2025-10-31 19:36:25 | ERROR    | task_server_scene_annotation | ❌ Error handling task result for None: Dataset None not found
Traceback (most recent call last):
  File "/home/diy02/new_pipeline/robocoin-dataset/src/robocoin_dataset/distribution_computation/task_server.py", line 176, in handle_message
    await asyncio.to_thread(
  File "/home/diy02/miniconda3/envs/robocoin/lib/python3.10/asyncio/threads.py", line 25, in to_thread
    return await loop.run_in_executor(None, func_call)
  File "/home/diy02/miniconda3/envs/robocoin/lib/python3.10/concurrent/futures/thread.py", line 58, in run
    result = self.fn(*self.args, **self.kwargs)
  File "/home/diy02/new_pipeline/robocoin-dataset/./src/robocoin_dataset/annotation/scene_annotation/scene_annotation.py", line 442, in handle_task_result
    raise ValueError(f"Dataset {ds_uuid} not found")
ValueError: Dataset None not found
2025-10-31 19:36:28 | INFO     | task_server_scene_annotation | Assigned task task_id to client scene_annotation_0
2025-10-31 19:36:29 | INFO     | task_server_scene_annotation | Received task result | Client ID: None | Task ID: None
2025-10-31 19:36:30 | ERROR    | task_server_scene_annotation | ❌ Error handling task result for None: Dataset None not found
Traceback (most recent call last):
  File "/home/diy02/new_pipeline/robocoin-dataset/src/robocoin_dataset/distribution_computation/task_server.py", line 176, in handle_message
    await asyncio.to_thread(
  File "/home/diy02/miniconda3/envs/robocoin/lib/python3.10/asyncio/threads.py", line 25, in to_thread
    return await loop.run_in_executor(None, func_call)
  File "/home/diy02/miniconda3/envs/robocoin/lib/python3.10/concurrent/futures/thread.py", line 58, in run
    result = self.fn(*self.args, **self.kwargs)
  File "/home/diy02/new_pipeline/robocoin-dataset/./src/robocoin_dataset/annotation/scene_annotation/scene_annotation.py", line 442, in handle_task_result
    raise ValueError(f"Dataset {ds_uuid} not found")
ValueError: Dataset None not found
2025-10-31 19:36:33 | INFO     | task_server_scene_annotation | Assigned task task_id to client scene_annotation_0
2025-10-31 19:36:34 | INFO     | task_server_scene_annotation | Received task result | Client ID: None | Task ID: None
2025-10-31 19:36:35 | ERROR    | task_server_scene_annotation | ❌ Error handling task result for None: Dataset None not found
Traceback (most recent call last):
  File "/home/diy02/new_pipeline/robocoin-dataset/src/robocoin_dataset/distribution_computation/task_server.py", line 176, in handle_message
    await asyncio.to_thread(
  File "/home/diy02/miniconda3/envs/robocoin/lib/python3.10/asyncio/threads.py", line 25, in to_thread
    return await loop.run_in_executor(None, func_call)
  File "/home/diy02/miniconda3/envs/robocoin/lib/python3.10/concurrent/futures/thread.py", line 58, in run
    result = self.fn(*self.args, **self.kwargs)
  File "/home/diy02/new_pipeline/robocoin-dataset/./src/robocoin_dataset/annotation/scene_annotation/scene_annotation.py", line 442, in handle_task_result
    raise ValueError(f"Dataset {ds_uuid} not found")
ValueError: Dataset None not found
2025-10-31 19:36:39 | INFO     | task_server_scene_annotation | Assigned task task_id to client scene_annotation_0
2025-10-31 19:36:40 | INFO     | task_server_scene_annotation | Received task result | Client ID: None | Task ID: None
2025-10-31 19:36:40 | ERROR    | task_server_scene_annotation | ❌ Error handling task result for None: Dataset None not found
Traceback (most recent call last):
  File "/home/diy02/new_pipeline/robocoin-dataset/src/robocoin_dataset/distribution_computation/task_server.py", line 176, in handle_message
    await asyncio.to_thread(
  File "/home/diy02/miniconda3/envs/robocoin/lib/python3.10/asyncio/threads.py", line 25, in to_thread
    return await loop.run_in_executor(None, func_call)
  File "/home/diy02/miniconda3/envs/robocoin/lib/python3.10/concurrent/futures/thread.py", line 58, in run
    result = self.fn(*self.args, **self.kwargs)
  File "/home/diy02/new_pipeline/robocoin-dataset/./src/robocoin_dataset/annotation/scene_annotation/scene_annotation.py", line 442, in handle_task_result
    raise ValueError(f"Dataset {ds_uuid} not found")
ValueError: Dataset None not found
2025-10-31 19:36:43 | INFO     | task_server_scene_annotation | Assigned task task_id to client scene_annotation_0
2025-10-31 19:36:44 | INFO     | task_server_scene_annotation | Received task result | Client ID: None | Task ID: None
2025-10-31 19:36:44 | ERROR    | task_server_scene_annotation | ❌ Error handling task result for None: Dataset None not found
Traceback (most recent call last):
  File "/home/diy02/new_pipeline/robocoin-dataset/src/robocoin_dataset/distribution_computation/task_server.py", line 176, in handle_message
    await asyncio.to_thread(
  File "/home/diy02/miniconda3/envs/robocoin/lib/python3.10/asyncio/threads.py", line 25, in to_thread
    return await loop.run_in_executor(None, func_call)
  File "/home/diy02/miniconda3/envs/robocoin/lib/python3.10/concurrent/futures/thread.py", line 58, in run
    result = self.fn(*self.args, **self.kwargs)
  File "/home/diy02/new_pipeline/robocoin-dataset/./src/robocoin_dataset/annotation/scene_annotation/scene_annotation.py", line 442, in handle_task_result
    raise ValueError(f"Dataset {ds_uuid} not found")
ValueError: Dataset None not found
2025-10-31 19:36:49 | INFO     | task_server_scene_annotation | Assigned task task_id to client scene_annotation_0
2025-10-31 19:36:50 | INFO     | task_server_scene_annotation | Received task result | Client ID: None | Task ID: None
2025-10-31 19:36:50 | ERROR    | task_server_scene_annotation | ❌ Error handling task result for None: Dataset None not found
Traceback (most recent call last):
  File "/home/diy02/new_pipeline/robocoin-dataset/src/robocoin_dataset/distribution_computation/task_server.py", line 176, in handle_message
    await asyncio.to_thread(
  File "/home/diy02/miniconda3/envs/robocoin/lib/python3.10/asyncio/threads.py", line 25, in to_thread
    return await loop.run_in_executor(None, func_call)
  File "/home/diy02/miniconda3/envs/robocoin/lib/python3.10/concurrent/futures/thread.py", line 58, in run
    result = self.fn(*self.args, **self.kwargs)
  File "/home/diy02/new_pipeline/robocoin-dataset/./src/robocoin_dataset/annotation/scene_annotation/scene_annotation.py", line 442, in handle_task_result
    raise ValueError(f"Dataset {ds_uuid} not found")
ValueError: Dataset None not found
2025-10-31 19:36:53 | INFO     | task_server_scene_annotation | Assigned task task_id to client scene_annotation_0
2025-10-31 19:36:54 | INFO     | task_server_scene_annotation | Received task result | Client ID: None | Task ID: None
2025-10-31 19:36:55 | ERROR    | task_server_scene_annotation | ❌ Error handling task result for None: Dataset None not found
Traceback (most recent call last):
  File "/home/diy02/new_pipeline/robocoin-dataset/src/robocoin_dataset/distribution_computation/task_server.py", line 176, in handle_message
    await asyncio.to_thread(
  File "/home/diy02/miniconda3/envs/robocoin/lib/python3.10/asyncio/threads.py", line 25, in to_thread
    return await loop.run_in_executor(None, func_call)
  File "/home/diy02/miniconda3/envs/robocoin/lib/python3.10/concurrent/futures/thread.py", line 58, in run
    result = self.fn(*self.args, **self.kwargs)
  File "/home/diy02/new_pipeline/robocoin-dataset/./src/robocoin_dataset/annotation/scene_annotation/scene_annotation.py", line 442, in handle_task_result
    raise ValueError(f"Dataset {ds_uuid} not found")
ValueError: Dataset None not found
2025-10-31 19:36:58 | INFO     | task_server_scene_annotation | Assigned task task_id to client scene_annotation_0
2025-10-31 19:36:59 | INFO     | task_server_scene_annotation | Received task result | Client ID: None | Task ID: None
2025-10-31 19:37:00 | ERROR    | task_server_scene_annotation | ❌ Error handling task result for None: Dataset None not found
Traceback (most recent call last):
  File "/home/diy02/new_pipeline/robocoin-dataset/src/robocoin_dataset/distribution_computation/task_server.py", line 176, in handle_message
    await asyncio.to_thread(
  File "/home/diy02/miniconda3/envs/robocoin/lib/python3.10/asyncio/threads.py", line 25, in to_thread
    return await loop.run_in_executor(None, func_call)
  File "/home/diy02/miniconda3/envs/robocoin/lib/python3.10/concurrent/futures/thread.py", line 58, in run
    result = self.fn(*self.args, **self.kwargs)
  File "/home/diy02/new_pipeline/robocoin-dataset/./src/robocoin_dataset/annotation/scene_annotation/scene_annotation.py", line 442, in handle_task_result
    raise ValueError(f"Dataset {ds_uuid} not found")
ValueError: Dataset None not found
2025-10-31 19:37:03 | INFO     | task_server_scene_annotation | Assigned task task_id to client scene_annotation_0
2025-10-31 19:37:04 | INFO     | task_server_scene_annotation | Received task result | Client ID: None | Task ID: None
2025-10-31 19:37:04 | ERROR    | task_server_scene_annotation | ❌ Error handling task result for None: Dataset None not found
Traceback (most recent call last):
  File "/home/diy02/new_pipeline/robocoin-dataset/src/robocoin_dataset/distribution_computation/task_server.py", line 176, in handle_message
    await asyncio.to_thread(
  File "/home/diy02/miniconda3/envs/robocoin/lib/python3.10/asyncio/threads.py", line 25, in to_thread
    return await loop.run_in_executor(None, func_call)
  File "/home/diy02/miniconda3/envs/robocoin/lib/python3.10/concurrent/futures/thread.py", line 58, in run
    result = self.fn(*self.args, **self.kwargs)
  File "/home/diy02/new_pipeline/robocoin-dataset/./src/robocoin_dataset/annotation/scene_annotation/scene_annotation.py", line 442, in handle_task_result
    raise ValueError(f"Dataset {ds_uuid} not found")
ValueError: Dataset None not found
2025-10-31 19:37:08 | INFO     | task_server_scene_annotation | Assigned task task_id to client scene_annotation_0
2025-10-31 19:37:09 | INFO     | task_server_scene_annotation | Received task result | Client ID: None | Task ID: None
2025-10-31 19:37:10 | ERROR    | task_server_scene_annotation | ❌ Error handling task result for None: Dataset None not found
Traceback (most recent call last):
  File "/home/diy02/new_pipeline/robocoin-dataset/src/robocoin_dataset/distribution_computation/task_server.py", line 176, in handle_message
    await asyncio.to_thread(
  File "/home/diy02/miniconda3/envs/robocoin/lib/python3.10/asyncio/threads.py", line 25, in to_thread
    return await loop.run_in_executor(None, func_call)
  File "/home/diy02/miniconda3/envs/robocoin/lib/python3.10/concurrent/futures/thread.py", line 58, in run
    result = self.fn(*self.args, **self.kwargs)
  File "/home/diy02/new_pipeline/robocoin-dataset/./src/robocoin_dataset/annotation/scene_annotation/scene_annotation.py", line 442, in handle_task_result
    raise ValueError(f"Dataset {ds_uuid} not found")
ValueError: Dataset None not found
2025-10-31 19:37:13 | INFO     | task_server_scene_annotation | Assigned task task_id to client scene_annotation_0
2025-10-31 19:37:14 | INFO     | task_server_scene_annotation | Received task result | Client ID: None | Task ID: None
2025-10-31 19:37:15 | ERROR    | task_server_scene_annotation | ❌ Error handling task result for None: Dataset None not found
Traceback (most recent call last):
  File "/home/diy02/new_pipeline/robocoin-dataset/src/robocoin_dataset/distribution_computation/task_server.py", line 176, in handle_message
    await asyncio.to_thread(
  File "/home/diy02/miniconda3/envs/robocoin/lib/python3.10/asyncio/threads.py", line 25, in to_thread
    return await loop.run_in_executor(None, func_call)
  File "/home/diy02/miniconda3/envs/robocoin/lib/python3.10/concurrent/futures/thread.py", line 58, in run
    result = self.fn(*self.args, **self.kwargs)
  File "/home/diy02/new_pipeline/robocoin-dataset/./src/robocoin_dataset/annotation/scene_annotation/scene_annotation.py", line 442, in handle_task_result
    raise ValueError(f"Dataset {ds_uuid} not found")
ValueError: Dataset None not found
2025-10-31 19:37:18 | INFO     | task_server_scene_annotation | Assigned task task_id to client scene_annotation_0
2025-10-31 19:37:19 | INFO     | task_server_scene_annotation | Received task result | Client ID: None | Task ID: None
2025-10-31 19:37:20 | ERROR    | task_server_scene_annotation | ❌ Error handling task result for None: Dataset None not found
Traceback (most recent call last):
  File "/home/diy02/new_pipeline/robocoin-dataset/src/robocoin_dataset/distribution_computation/task_server.py", line 176, in handle_message
    await asyncio.to_thread(
  File "/home/diy02/miniconda3/envs/robocoin/lib/python3.10/asyncio/threads.py", line 25, in to_thread
    return await loop.run_in_executor(None, func_call)
  File "/home/diy02/miniconda3/envs/robocoin/lib/python3.10/concurrent/futures/thread.py", line 58, in run
    result = self.fn(*self.args, **self.kwargs)
  File "/home/diy02/new_pipeline/robocoin-dataset/./src/robocoin_dataset/annotation/scene_annotation/scene_annotation.py", line 442, in handle_task_result
    raise ValueError(f"Dataset {ds_uuid} not found")
ValueError: Dataset None not found
2025-10-31 19:37:23 | INFO     | task_server_scene_annotation | Assigned task task_id to client scene_annotation_0
2025-10-31 19:37:24 | INFO     | task_server_scene_annotation | Received task result | Client ID: None | Task ID: None
2025-10-31 19:37:25 | ERROR    | task_server_scene_annotation | ❌ Error handling task result for None: Dataset None not found
Traceback (most recent call last):
  File "/home/diy02/new_pipeline/robocoin-dataset/src/robocoin_dataset/distribution_computation/task_server.py", line 176, in handle_message
    await asyncio.to_thread(
  File "/home/diy02/miniconda3/envs/robocoin/lib/python3.10/asyncio/threads.py", line 25, in to_thread
    return await loop.run_in_executor(None, func_call)
  File "/home/diy02/miniconda3/envs/robocoin/lib/python3.10/concurrent/futures/thread.py", line 58, in run
    result = self.fn(*self.args, **self.kwargs)
  File "/home/diy02/new_pipeline/robocoin-dataset/./src/robocoin_dataset/annotation/scene_annotation/scene_annotation.py", line 442, in handle_task_result
    raise ValueError(f"Dataset {ds_uuid} not found")
ValueError: Dataset None not found
2025-10-31 19:37:28 | INFO     | task_server_scene_annotation | Assigned task task_id to client scene_annotation_0
2025-10-31 19:37:29 | INFO     | task_server_scene_annotation | Received task result | Client ID: None | Task ID: None
2025-10-31 19:37:30 | ERROR    | task_server_scene_annotation | ❌ Error handling task result for None: Dataset None not found
Traceback (most recent call last):
  File "/home/diy02/new_pipeline/robocoin-dataset/src/robocoin_dataset/distribution_computation/task_server.py", line 176, in handle_message
    await asyncio.to_thread(
  File "/home/diy02/miniconda3/envs/robocoin/lib/python3.10/asyncio/threads.py", line 25, in to_thread
    return await loop.run_in_executor(None, func_call)
  File "/home/diy02/miniconda3/envs/robocoin/lib/python3.10/concurrent/futures/thread.py", line 58, in run
    result = self.fn(*self.args, **self.kwargs)
  File "/home/diy02/new_pipeline/robocoin-dataset/./src/robocoin_dataset/annotation/scene_annotation/scene_annotation.py", line 442, in handle_task_result
    raise ValueError(f"Dataset {ds_uuid} not found")
ValueError: Dataset None not found
2025-10-31 19:37:31 | INFO     | task_server_scene_annotation | Client disconnected | ID: scene_annotation_0
