2025-10-31 19:12:09 | INFO     | task_server_scene_annotation | The log system has been started, log file: /home/diy02/new_pipeline/robocoin-dataset/log/task_server_scene_annotation_2025-10-31_19-12-09.log
2025-10-31 19:12:12 | INFO     | task_server_scene_annotation | Task server started successfully: ws://0.0.0.0:8769
2025-10-31 19:12:13 | INFO     | task_server_scene_annotation | Client registered successfully | ID: scene_annotation_0 | IP: 172.16.19.253 | Current connections: 1
2025-10-31 19:12:13 | INFO     | task_server_scene_annotation | Assigned task task_id to client scene_annotation_0
2025-10-31 19:12:14 | INFO     | task_server_scene_annotation | Received task result | Client ID: None | Task ID: None
2025-10-31 19:12:14 | ERROR    | task_server_scene_annotation | ❌ Error handling task result for None: Dataset None not found
Traceback (most recent call last):
  File "/home/diy02/new_pipeline/robocoin-dataset/src/robocoin_dataset/distribution_computation/task_server.py", line 176, in handle_message
    await asyncio.to_thread(
  File "/home/diy02/miniconda3/envs/robocoin/lib/python3.10/asyncio/threads.py", line 25, in to_thread
    return await loop.run_in_executor(None, func_call)
  File "/home/diy02/miniconda3/envs/robocoin/lib/python3.10/concurrent/futures/thread.py", line 58, in run
    result = self.fn(*self.args, **self.kwargs)
  File "/home/diy02/new_pipeline/robocoin-dataset/./src/robocoin_dataset/annotation/scene_annotation/scene_annotation.py", line 442, in handle_task_result
    raise ValueError(f"Dataset {ds_uuid} not found")
ValueError: Dataset None not found
2025-10-31 19:12:18 | INFO     | task_server_scene_annotation | Assigned task task_id to client scene_annotation_0
2025-10-31 19:12:19 | INFO     | task_server_scene_annotation | Received task result | Client ID: None | Task ID: None
2025-10-31 19:12:19 | ERROR    | task_server_scene_annotation | ❌ Error handling task result for None: Dataset None not found
Traceback (most recent call last):
  File "/home/diy02/new_pipeline/robocoin-dataset/src/robocoin_dataset/distribution_computation/task_server.py", line 176, in handle_message
    await asyncio.to_thread(
  File "/home/diy02/miniconda3/envs/robocoin/lib/python3.10/asyncio/threads.py", line 25, in to_thread
    return await loop.run_in_executor(None, func_call)
  File "/home/diy02/miniconda3/envs/robocoin/lib/python3.10/concurrent/futures/thread.py", line 58, in run
    result = self.fn(*self.args, **self.kwargs)
  File "/home/diy02/new_pipeline/robocoin-dataset/./src/robocoin_dataset/annotation/scene_annotation/scene_annotation.py", line 442, in handle_task_result
    raise ValueError(f"Dataset {ds_uuid} not found")
ValueError: Dataset None not found
2025-10-31 19:12:21 | INFO     | task_server_scene_annotation | Client disconnected | ID: scene_annotation_0
